Microchip MPLAB XC8 Compiler V2.32

Linker command line:

-W-3 --edf=D:\Programas\XC8 compiler\pic\dat\en_msgs.txt -cn \
  -h+dist/default/production\Projeto_MPLAB.production.sym \
  --cmf=dist/default/production\Projeto_MPLAB.production.cmf -z -Q16F877 \
  -oC:\Users\mateu\AppData\Local\Temp\xcAsc8.4 --defsym=__MPLAB_BUILD=1 \
  -Mdist/default/production/Projeto_MPLAB.production.map -E1 \
  -ver=XC8 Compiler --acfsm=1493 -ASTACK=0110h-016Fh -pstack=STACK \
  -ACODE=00h-07FFhx4 -ASTRCODE=00h-01FFFh -ASTRING=00h-0FFhx32 \
  -ACONST=00h-0FFhx32 -AENTRY=00h-0FFhx32 -ACOMMON=070h-07Fh \
  -ABANK0=020h-06Fh -ABANK1=0A0h-0EFh -ABANK2=0110h-016Fh \
  -ABANK3=0190h-01EFh -ARAM=020h-06Fh,0A0h-0EFh,0110h-016Fh,0190h-01EFh \
  -AABS1=020h-07Fh,0A0h-0EFh,0110h-016Fh,0190h-01EFh -ASFR0=00h-01Fh \
  -ASFR1=080h-09Fh -ASFR2=0100h-010Fh -ASFR3=0180h-018Fh \
  -ACONFIG=02007h-02007h -DCONFIG=2 -AIDLOC=02000h-02003h -DIDLOC=2 \
  -AEEDATA=00h-0FFh/02100h -peeprom_data=EEDATA -DEEDATA=2 -DCODE=2 \
  -DSTRCODE=2 -DSTRING=2 -DCONST=2 -DENTRY=2 \
  -preset_vec=00h,intentry=04h,init,end_init -ppowerup=CODE -pcinit=CODE \
  -pfunctab=ENTRY -k C:\Users\mateu\AppData\Local\Temp\xcAsc8.o \
  dist/default/production\Projeto_MPLAB.production.o 

Object code version is 3.11

Machine type is 16F877



                Name                               Link     Load   Length Selector   Space Scale
C:\Users\mateu\AppData\Local\Temp\xcAsc8.o
                end_init                             10       10        3        8       0
                reset_vec                             0        0        3        0       0
                config                             2007     2007        1        0       4
dist/default/production\Projeto_MPLAB.production.o
                cinit                                13       13       14        8       0
                intentry                              4        4        C        8       0
                config                             2007     2007        1        0       4
                text28                              89B      89B       71     1136       0
                text27                             16FD     16FD       54     2DFA       0
                text26                             1470     1470       31     28E0       0
                text25                              988      988       A4     1310       0
                text24                              5B3      5B3      1DD        8       0
                text23                             14A1     14A1       38     2942       0
                text22                             14D9     14D9       39     29B2       0
                text21                             1617     1617       46     2C2E       0
                text20                             1512     1512       3C     2A24       0
                text19                             1445     1445       2B     288A       0
                text18                              7EC      7EC       12        8       0
                text17                              E2C      E2C      1D4     1C58       0
                text16                             1424     1424       21     2848       0
                text15                             154E     154E       43     2A9C       0
                text14                             1591     1591       43     2B22       0
                text13                             15D4     15D4       43     2BA8       0
                text12                               27       27      304        8       0
                text11                              88C      88C        F     1118       0
                text10                              BB3      BB3       F4     1766       0
                text9                              17A5     17A5       5B     2F4A       0
                text8                               32B      32B      288        8       0
                text7                              165D     165D       50     2CBA       0
                text6                               90C      90C       7C     1218       0
                text5                               A2C      A2C       BC     1458       0
                text4                              16AD     16AD       50     2D5A       0
                text3                              1751     1751       54     2EA2       0
                text2                               790      790       5C        8       0
                text1                               AE8      AE8       CB     15D0       0
                maintext                            CA7      CA7      185     194E       0
                cstackBANK0                          20       20       4D       20       1
                cstackCOMMON                         70       70        8       70       1
                cstackBANK1                          A0       A0       26       A0       1
                clrtext                             884      884        8     1108       0
                bssBANK1                             C6       C6       18       A0       1
                bssBANK0                             6D       6D        2       20       1
                bssCOMMON                            78       78        2       70       1
                bitbssCOMMON                        3D0       7A        1       70       1     8
                strings                             800      800       81     1000       0

TOTAL           Name                               Link     Load   Length     Space
        CLASS   STACK          

        CLASS   CODE           
                end_init                             10       10        3         0
                cinit                                13       13       14         0
                intentry                              4        4        C         0
                reset_vec                             0        0        3         0
                text28                              89B      89B       71         0
                text27                             16FD     16FD       54         0
                text26                             1470     1470       31         0
                text25                              988      988       A4         0
                text24                              5B3      5B3      1DD         0
                text23                             14A1     14A1       38         0
                text22                             14D9     14D9       39         0
                text21                             1617     1617       46         0
                text20                             1512     1512       3C         0
                text19                             1445     1445       2B         0
                text18                              7EC      7EC       12         0
                text17                              E2C      E2C      1D4         0
                text16                             1424     1424       21         0
                text15                             154E     154E       43         0
                text14                             1591     1591       43         0
                text13                             15D4     15D4       43         0
                text12                               27       27      304         0
                text11                              88C      88C        F         0
                text10                              BB3      BB3       F4         0
                text9                              17A5     17A5       5B         0
                text8                               32B      32B      288         0
                text7                              165D     165D       50         0
                text6                               90C      90C       7C         0
                text5                               A2C      A2C       BC         0
                text4                              16AD     16AD       50         0
                text3                              1751     1751       54         0
                text2                               790      790       5C         0
                text1                               AE8      AE8       CB         0
                maintext                            CA7      CA7      185         0
                clrtext                             884      884        8         0

        CLASS   STRCODE        

        CLASS   STRING         
                strings                             800      800       81         0

        CLASS   CONST          

        CLASS   ENTRY          

        CLASS   COMMON         
                cstackCOMMON                         70       70        8         1
                bssCOMMON                            78       78        2         1
                bitbssCOMMON                        3D0       7A        1         1

        CLASS   BANK0          
                cstackBANK0                          20       20       4D         1
                bssBANK0                             6D       6D        2         1

        CLASS   BANK1          
                cstackBANK1                          A0       A0       26         1
                bssBANK1                             C6       C6       18         1

        CLASS   BANK2          

        CLASS   BANK3          

        CLASS   RAM            

        CLASS   ABS1           
                abs_s1                               7E       7E        2         1

        CLASS   SFR0           

        CLASS   SFR1           

        CLASS   SFR2           

        CLASS   SFR3           

        CLASS   CONFIG         
                config                             2007     2007        1         4

        CLASS   IDLOC          

        CLASS   EEDATA         



SEGMENTS        Name                           Load    Length   Top    Selector   Space  Class     Delta

                reset_vec                      000000  000003  000003         0       0  CODE        2
                intentry                       000004  0007FA  0007FE         8       0  CODE        2
                cstackBANK0                    000020  00004F  00006F        20       1  BANK0       1
                cstackCOMMON                   000070  00000B  00007B        70       1  COMMON      1
                cstackBANK1                    0000A0  00003E  0000DE        A0       1  BANK1       1
                strings                        000800  000081  000881      1000       0  STRING      2
                clrtext                        000884  000008  00088C      1108       0  CODE        2
                text11                         00088C  00000F  00089B      1118       0  CODE        2
                text28                         00089B  000071  00090C      1136       0  CODE        2
                text6                          00090C  00007C  000988      1218       0  CODE        2
                text25                         000988  0000A4  000A2C      1310       0  CODE        2
                text5                          000A2C  0000BC  000AE8      1458       0  CODE        2
                text1                          000AE8  0000CB  000BB3      15D0       0  CODE        2
                text10                         000BB3  0000F4  000CA7      1766       0  CODE        2
                maintext                       000CA7  000185  000E2C      194E       0  CODE        2
                text17                         000E2C  0001D4  001000      1C58       0  CODE        2
                text16                         001424  000021  001445      2848       0  CODE        2
                text19                         001445  00002B  001470      288A       0  CODE        2
                text26                         001470  000031  0014A1      28E0       0  CODE        2
                text23                         0014A1  000038  0014D9      2942       0  CODE        2
                text22                         0014D9  000039  001512      29B2       0  CODE        2
                text20                         001512  00003C  00154E      2A24       0  CODE        2
                text15                         00154E  000043  001591      2A9C       0  CODE        2
                text14                         001591  000043  0015D4      2B22       0  CODE        2
                text13                         0015D4  000043  001617      2BA8       0  CODE        2
                text21                         001617  000046  00165D      2C2E       0  CODE        2
                text7                          00165D  000050  0016AD      2CBA       0  CODE        2
                text4                          0016AD  000050  0016FD      2D5A       0  CODE        2
                text27                         0016FD  000054  001751      2DFA       0  CODE        2
                text3                          001751  000054  0017A5      2EA2       0  CODE        2
                text9                          0017A5  00005B  001800      2F4A       0  CODE        2


UNUSED ADDRESS RANGES

        Name                Unused          Largest block    Delta
        BANK0            006F-006F              1           1
        BANK1            00DE-00EF             12           1
        BANK2            0110-016F             60           1
        BANK3            0190-01EF             60           1
        CODE             0003-0003              1           2
                         07FE-07FF              2
                         0881-0883              3
                         1000-1423            424
                         1800-1FFF            800
        COMMON           007B-007D              3           1
        CONST            0003-0003              1           2
                         07FE-07FF              2
                         0881-0883              3
                         1000-1423            100
                         1800-1FFF            100
        EEDATA           2100-21FF            100           2
        ENTRY            0003-0003              1           2
                         07FE-07FF              2
                         0881-0883              3
                         1000-1423            100
                         1800-1FFF            100
        IDLOC            2000-2003              4           2
        RAM              006F-006F              1           1
                         00DE-00EF             12
                         0110-016F             60
                         0190-01EF             60
        SFR0             0000-001F             20           1
        SFR1             0080-009F             20           1
        SFR2             0100-010F             10           1
        SFR3             0180-018F             10           1
        STACK            0110-016F             60           1
        STRCODE          0003-0003              1           2
                         07FE-07FF              2
                         0881-0883              3
                         1000-1423            424
                         1800-1FFF            800
        STRING           0003-0003              1           2
                         07FE-07FF              2
                         0881-0883              3
                         1000-1423            100
                         1800-1FFF            100

                                  Symbol Table

?___fladd                        cstackBANK0  0044
?___fldiv                        cstackBANK0  002A
?___flsub                        cstackBANK1  00A0
?___fltol                        cstackBANK0  0058
?___lwdiv                        cstackCOMMON 0073
?___lwmod                        cstackBANK0  0023
?___wmul                         cstackCOMMON 0073
?___xxtofl                       cstackCOMMON 0073
?_controle_aquecedor             cstackBANK0  0020
?_round                          cstackBANK1  00A8
?_sprintf                        cstackBANK0  0029
?_trunc                          cstackBANK0  0063
LCD_Cmd@Command                  cstackBANK0  0020
LCD_Goto@col                     cstackBANK0  0024
LCD_Goto@row                     cstackBANK0  0021
LCD_Print@LCD_Str                cstackBANK0  0021
LCD_Print@i                      cstackBANK0  0020
LCD_Write_Nibble@n               cstackCOMMON 0075
_ADCON0                          (abs)        001F
_ADCON0bits                      (abs)        001F
_ADCON1                          (abs)        009F
_ADRESH                          (abs)        001E
_ADRESL                          (abs)        009E
_Horas                           bssBANK0     006D
_INTCON                          (abs)        000B
_INTCONbits                      (abs)        000B
_LCD_Begin                       text25       0988
_LCD_Cmd                         text26       1470
_LCD_Cstring                     bssBANK1     00CE
_LCD_Goto                        text23       14A1
_LCD_Print                       text22       14D9
_LCD_Write_Nibble                text27       16FD
_Minutos                         bssCOMMON    0078
_OPTION_REG                      (abs)        0081
_PORTBbits                       (abs)        0006
_PORTCbits                       (abs)        0007
_PORTDbits                       (abs)        0008
_RS                              bitbssCOMMON 03D0
_Segundos                        bssBANK1     00CA
_TMR0                            (abs)        0001
_TMR0_aux                        bssBANK1     00CC
_TRISA                           (abs)        0085
_TRISB                           (abs)        0086
_TRISC                           (abs)        0087
_TRISD                           (abs)        0088
_TRISD0                          (abs)        0440
_TRISD1                          (abs)        0441
_TRISD2                          (abs)        0442
_TRISD3                          (abs)        0443
_TRISD4                          (abs)        0444
_TRISD5                          (abs)        0445
_TRISE                           (abs)        0089
_Temperatura                     bssBANK1     00C8
__Habs1                          abs1         0000
__Hbank0                         bank0        0000
__Hbank1                         bank1        0000
__Hbank2                         bank2        0000
__Hbank3                         bank3        0000
__HbitbssCOMMON                  bitbssCOMMON 0000
__HbssBANK0                      bssBANK0     0000
__HbssBANK1                      bssBANK1     0000
__HbssCOMMON                     bssCOMMON    0000
__Hcinit                         cinit        0027
__Hclrtext                       clrtext      0000
__Hcode                          code         0000
__Hcommon                        common       0000
__Hconfig                        config       2008
__HcstackBANK0                   cstackBANK0  0000
__HcstackBANK1                   cstackBANK1  0000
__HcstackCOMMON                  cstackCOMMON 0000
__Heeprom_data                   eeprom_data  0000
__Hend_init                      end_init     0013
__Hfunctab                       functab      0000
__Hinit                          init         0010
__Hintentry                      intentry     0010
__Hmaintext                      maintext     0000
__Hpowerup                       powerup      0000
__Hram                           ram          0000
__Hreset_vec                     reset_vec    0003
__Hsfr0                          sfr0         0000
__Hsfr1                          sfr1         0000
__Hsfr2                          sfr2         0000
__Hsfr3                          sfr3         0000
__Hspace_0                       (abs)        1800
__Hspace_1                       (abs)        03D1
__Hspace_2                       (abs)        0000
__Hspace_3                       (abs)        0000
__Hspace_4                       (abs)        400F
__Hstack                         stack        0000
__Hstrings                       strings      0000
__Htext                          text         0000
__Labs1                          abs1         0000
__Lbank0                         bank0        0000
__Lbank1                         bank1        0000
__Lbank2                         bank2        0000
__Lbank3                         bank3        0000
__LbitbssCOMMON                  bitbssCOMMON 0000
__LbssBANK0                      bssBANK0     0000
__LbssBANK1                      bssBANK1     0000
__LbssCOMMON                     bssCOMMON    0000
__Lcinit                         cinit        0013
__Lclrtext                       clrtext      0000
__Lcode                          code         0000
__Lcommon                        common       0000
__Lconfig                        config       0000
__LcstackBANK0                   cstackBANK0  0000
__LcstackBANK1                   cstackBANK1  0000
__LcstackCOMMON                  cstackCOMMON 0000
__Leeprom_data                   eeprom_data  0000
__Lend_init                      end_init     0010
__Lfunctab                       functab      0000
__Linit                          init         0010
__Lintentry                      intentry     0004
__Lmaintext                      maintext     0000
__Lpowerup                       powerup      0000
__Lram                           ram          0000
__Lreset_vec                     reset_vec    0000
__Lsfr0                          sfr0         0000
__Lsfr1                          sfr1         0000
__Lsfr2                          sfr2         0000
__Lsfr3                          sfr3         0000
__Lspace_0                       (abs)        0000
__Lspace_1                       (abs)        0000
__Lspace_2                       (abs)        0000
__Lspace_3                       (abs)        0000
__Lspace_4                       (abs)        0000
__Lstack                         stack        0000
__Lstrings                       strings      0000
__Ltext                          text         0000
__S0                             (abs)        1800
__S1                             (abs)        00DE
__S2                             (abs)        0000
__S3                             (abs)        0000
___fladd                         text8        032B
___fladd@a                       cstackBANK0  0048
___fladd@aexp                    cstackBANK0  0055
___fladd@b                       cstackBANK0  0044
___fladd@bexp                    cstackBANK0  0056
___fladd@grs                     cstackBANK0  0057
___fladd@signs                   cstackBANK0  0054
___fldiv                         text24       05B3
___fldiv@a                       cstackBANK0  002A
___fldiv@aexp                    cstackBANK0  0043
___fldiv@b                       cstackBANK0  002E
___fldiv@bexp                    cstackBANK0  0042
___fldiv@grs                     cstackBANK0  003E
___fldiv@new_exp                 cstackBANK0  003C
___fldiv@rem                     cstackBANK0  0037
___fldiv@sign                    cstackBANK0  003B
___fleq                          text4        16AD
___fleq@ff1                      cstackBANK0  0020
___fleq@ff2                      cstackBANK0  0024
___flsub                         text7        165D
___flsub@a                       cstackBANK1  00A0
___flsub@b                       cstackBANK1  00A4
___fltol                         text6        090C
___fltol@exp1                    cstackBANK0  0062
___fltol@f1                      cstackBANK0  0058
___fltol@sign1                   cstackBANK0  0061
___int_sp                        stack        0000
___latbits                       (abs)        0002
___lwdiv                         text21       1617
___lwdiv@counter                 cstackBANK0  0020
___lwdiv@dividend                cstackCOMMON 0075
___lwdiv@divisor                 cstackCOMMON 0073
___lwdiv@quotient                cstackBANK0  0021
___lwmod                         text20       1512
___lwmod@counter                 cstackBANK0  0028
___lwmod@dividend                cstackBANK0  0025
___lwmod@divisor                 cstackBANK0  0023
___sp                            stack        0000
___stackhi                       (abs)        0000
___stacklo                       (abs)        0000
___wmul                          text19       1445
___wmul@multiplicand             cstackCOMMON 0075
___wmul@multiplier               cstackCOMMON 0073
___wmul@product                  cstackBANK0  0020
___xxtofl                        text5        0A2C
___xxtofl@arg                    cstackBANK0  0026
___xxtofl@exp                    cstackBANK0  0025
___xxtofl@sign                   cstackBANK0  0024
___xxtofl@val                    cstackCOMMON 0073
__end_of_LCD_Begin               text25       0A2C
__end_of_LCD_Cmd                 text26       14A1
__end_of_LCD_Goto                text23       14D9
__end_of_LCD_Print               text22       1512
__end_of_LCD_Write_Nibble        text27       1751
__end_of___fladd                 text8        05B3
__end_of___fldiv                 text24       0790
__end_of___fleq                  text4        16FD
__end_of___flsub                 text7        16AD
__end_of___fltol                 text6        0988
__end_of___lwdiv                 text21       165D
__end_of___lwmod                 text20       154E
__end_of___wmul                  text19       1470
__end_of___xxtofl                text5        0AE8
__end_of__initialization         cinit        0023
__end_of__stringtab              strings      0806
__end_of_ajustes                 text12       032B
__end_of_atualiza_ADC            text11       089B
__end_of_controle_aquecedor      text10       0CA7
__end_of_dpowers                 strings      0810
__end_of_frexp                   text3        17A5
__end_of_imprime_tela_ajuste1    text16       1445
__end_of_imprime_tela_ajuste2    text15       1591
__end_of_imprime_tela_ajuste3    text14       15D4
__end_of_imprime_tela_ajuste4    text13       1617
__end_of_imprime_tela_main       text9        1800
__end_of_isdigit                 text18       07FE
__end_of_main                    maintext     0E2C
__end_of_my_isr_routine          text28       090C
__end_of_round                   text1        0BB3
__end_of_sprintf                 text17       1000
__end_of_trunc                   text2        07EC
__initialization                 cinit        0013
__pbitbssCOMMON                  bitbssCOMMON 03D0
__pbssBANK0                      bssBANK0     006D
__pbssBANK1                      bssBANK1     00C6
__pbssCOMMON                     bssCOMMON    0078
__pcstackBANK0                   cstackBANK0  0020
__pcstackBANK1                   cstackBANK1  00A0
__pcstackCOMMON                  cstackCOMMON 0070
__pintentry                      intentry     0004
__pmaintext                      maintext     0CA7
__pstrings                       strings      0800
__ptext1                         text1        0AE8
__ptext10                        text10       0BB3
__ptext11                        text11       088C
__ptext12                        text12       0027
__ptext13                        text13       15D4
__ptext14                        text14       1591
__ptext15                        text15       154E
__ptext16                        text16       1424
__ptext17                        text17       0E2C
__ptext18                        text18       07EC
__ptext19                        text19       1445
__ptext2                         text2        0790
__ptext20                        text20       1512
__ptext21                        text21       1617
__ptext22                        text22       14D9
__ptext23                        text23       14A1
__ptext24                        text24       05B3
__ptext25                        text25       0988
__ptext26                        text26       1470
__ptext27                        text27       16FD
__ptext28                        text28       089B
__ptext3                         text3        1751
__ptext4                         text4        16AD
__ptext5                         text5        0A2C
__ptext6                         text6        090C
__ptext7                         text7        165D
__ptext8                         text8        032B
__ptext9                         text9        17A5
__size_of_LCD_Begin              (abs)        0000
__size_of_LCD_Cmd                (abs)        0000
__size_of_LCD_Goto               (abs)        0000
__size_of_LCD_Print              (abs)        0000
__size_of_LCD_Write_Nibble       (abs)        0000
__size_of___fladd                (abs)        0000
__size_of___fldiv                (abs)        0000
__size_of___fleq                 (abs)        0000
__size_of___flsub                (abs)        0000
__size_of___fltol                (abs)        0000
__size_of___lwdiv                (abs)        0000
__size_of___lwmod                (abs)        0000
__size_of___wmul                 (abs)        0000
__size_of___xxtofl               (abs)        0000
__size_of_ajustes                (abs)        0000
__size_of_atualiza_ADC           (abs)        0000
__size_of_controle_aquecedor     (abs)        0000
__size_of_frexp                  (abs)        0000
__size_of_imprime_tela_ajuste1   (abs)        0000
__size_of_imprime_tela_ajuste2   (abs)        0000
__size_of_imprime_tela_ajuste3   (abs)        0000
__size_of_imprime_tela_ajuste4   (abs)        0000
__size_of_imprime_tela_main      (abs)        0000
__size_of_isdigit                (abs)        0000
__size_of_main                   (abs)        0000
__size_of_my_isr_routine         (abs)        0000
__size_of_round                  (abs)        0000
__size_of_sprintf                (abs)        0000
__size_of_trunc                  (abs)        0000
__stringbase                     strings      0805
__stringtab                      strings      0800
_ajustes                         text12       0027
_atualiza_ADC                    text11       088C
_controle_aquecedor              text10       0BB3
_dpowers                         strings      0806
_frexp                           text3        1751
_imprime_tela_ajuste1            text16       1424
_imprime_tela_ajuste2            text15       154E
_imprime_tela_ajuste3            text14       1591
_imprime_tela_ajuste4            text13       15D4
_imprime_tela_main               text9        17A5
_isdigit                         text18       07EC
_isdigit$768                     cstackCOMMON 0073
_main                            maintext     0CA7
_main$1008                       cstackBANK1  00B4
_main$1009                       cstackBANK1  00B8
_my_isr_routine                  text28       089B
_round                           text1        0AE8
_sprintf                         text17       0E2C
_trunc                           text2        0790
ajustes@hora_max                 cstackBANK0  0043
ajustes@hora_min                 cstackBANK0  0041
ajustes@min_max                  cstackBANK0  0044
ajustes@min_min                  cstackBANK0  0042
ajustes@temp                     cstackBANK0  0049
btemp                            (abs)        007E
clear_ram0                       clrtext      0884
controle_aquecedor@hora_max      cstackBANK0  0026
controle_aquecedor@hora_min      cstackBANK0  0022
controle_aquecedor@min_max       cstackBANK0  0028
controle_aquecedor@min_min       cstackBANK0  0024
controle_aquecedor@temp          cstackBANK0  0020
end_of_initialization            cinit        0023
frexp@eptr                       cstackBANK0  002C
frexp@value                      cstackBANK0  0028
imprime_tela_ajuste1@temp        cstackBANK0  003C
imprime_tela_ajuste3@horas_min   cstackBANK0  003C
imprime_tela_ajuste3@minutos_min cstackBANK0  003E
imprime_tela_ajuste4@horas_max   cstackBANK0  003C
imprime_tela_ajuste4@minutos_max cstackBANK0  003E
interrupt_function               intentry     0004
intlevel0                        functab      0000
intlevel1                        functab      0000
intlevel2                        functab      0000
intlevel3                        functab      0000
intlevel4                        functab      0000
intlevel5                        functab      0000
isdigit@c                        cstackCOMMON 0074
main@hora_max                    cstackBANK1  00C0
main@hora_min                    cstackBANK1  00BC
main@min_max                     cstackBANK1  00C2
main@min_min                     cstackBANK1  00BE
main@temp                        cstackBANK1  00C4
reset_vec                        reset_vec    0000
round@f                          cstackBANK1  00AC
round@x                          cstackBANK1  00A8
saved_w                          (abs)        007E
sprintf@ap                       cstackBANK0  0033
sprintf@c                        cstackBANK0  003A
sprintf@f                        cstackBANK0  0029
sprintf@flag                     cstackBANK0  0037
sprintf@prec                     cstackBANK0  0034
sprintf@sp                       cstackBANK0  003B
sprintf@val                      cstackBANK0  0035
sprintf@width                    cstackBANK0  0038
start                            init         0010
start_initialization             cinit        0013
trunc@expon                      cstackBANK0  006B
trunc@i                          cstackBANK0  0067
trunc@x                          cstackBANK0  0063
wtemp0                           (abs)        007E


MODULE INFORMATION

Module		Function		Class		Link	Load	Size
./LCD_Lib.c
		_LCD_Cmd       		CODE           	1470	0000	49
		_LCD_Begin     		CODE           	0988	0000	164
		_LCD_Goto      		CODE           	14A1	0000	56
		_LCD_Print     		CODE           	14D9	0000	57
		_LCD_Write_Nibble		CODE           	16FD	0000	84

./LCD_Lib.c estimated size: 410

D:\Programas\XC8 compiler\pic\sources\c90\common\doprnt.c
		_sprintf       		CODE           	0E2C	0000	468

D:\Programas\XC8 compiler\pic\sources\c90\common\doprnt.c estimated size: 468

D:\Programas\XC8 compiler\pic\sources\c90\common\lwmod.c
		___lwmod       		CODE           	1512	0000	60

D:\Programas\XC8 compiler\pic\sources\c90\common\lwmod.c estimated size: 60

D:\Programas\XC8 compiler\pic\sources\c90\common\Umul16.c
		___wmul        		CODE           	1445	0000	43

D:\Programas\XC8 compiler\pic\sources\c90\common\Umul16.c estimated size: 43

D:\Programas\XC8 compiler\pic\sources\c90\common\frexp.c
		_frexp         		CODE           	1751	0000	84

D:\Programas\XC8 compiler\pic\sources\c90\common\frexp.c estimated size: 84

D:\Programas\XC8 compiler\pic\sources\c90\common\sprcdiv.c
		___fldiv       		CODE           	05B3	0000	477

D:\Programas\XC8 compiler\pic\sources\c90\common\sprcdiv.c estimated size: 477

D:\Programas\XC8 compiler\pic\sources\c90\common\lwdiv.c
		___lwdiv       		CODE           	1617	0000	70

D:\Programas\XC8 compiler\pic\sources\c90\common\lwdiv.c estimated size: 70

D:\Programas\XC8 compiler\pic\sources\c90\common\fltol.c
		___fltol       		CODE           	090C	0000	124

D:\Programas\XC8 compiler\pic\sources\c90\common\fltol.c estimated size: 124

shared
		__stringtab    		STRING         	0800	0000	6
		_dpowers       		STRING         	0806	0000	10
		__initialization		CODE           	0013	0000	16

shared estimated size: 32

D:\Programas\XC8 compiler\pic\sources\c90\common\isdigit.c
		_isdigit       		CODE           	07EC	0000	18

D:\Programas\XC8 compiler\pic\sources\c90\common\isdigit.c estimated size: 18

D:\Programas\XC8 compiler\pic\sources\c90\common\sprcadd.c
		___flsub       		CODE           	165D	0000	80
		___fladd       		CODE           	032B	0000	648

D:\Programas\XC8 compiler\pic\sources\c90\common\sprcadd.c estimated size: 728

D:\Programas\XC8 compiler\pic\sources\c90\common\xxtofl.c
		___xxtofl      		CODE           	0A2C	0000	188

D:\Programas\XC8 compiler\pic\sources\c90\common\xxtofl.c estimated size: 188

D:\Programas\XC8 compiler\pic\sources\c90\common\trunc.c
		_trunc         		CODE           	0790	0000	92

D:\Programas\XC8 compiler\pic\sources\c90\common\trunc.c estimated size: 92

main.c
		_controle_aquecedor		CODE           	0BB3	0000	244
		_ajustes       		CODE           	0027	0000	772
		_main          		CODE           	0CA7	0000	389
		_imprime_tela_main		CODE           	17A5	0000	91
		_my_isr_routine		CODE           	089B	0000	113
		_atualiza_ADC  		CODE           	088C	0000	15
		_imprime_tela_ajuste1		CODE           	1424	0000	33
		_imprime_tela_ajuste2		CODE           	154E	0000	67
		_imprime_tela_ajuste3		CODE           	1591	0000	67
		_imprime_tela_ajuste4		CODE           	15D4	0000	67

main.c estimated size: 1858

D:\Programas\XC8 compiler\pic\sources\c90\common\fleq.c
		___fleq        		CODE           	16AD	0000	80

D:\Programas\XC8 compiler\pic\sources\c90\common\fleq.c estimated size: 80

D:\Programas\XC8 compiler\pic\sources\c90\common\round.c
		_round         		CODE           	0AE8	0000	203

D:\Programas\XC8 compiler\pic\sources\c90\common\round.c estimated size: 203

