Microchip MPLAB XC8 Compiler V2.32

Linker command line:

-W-3 --edf=D:\Programas\XC8 compiler\pic\dat\en_msgs.txt -cn \
  -h+dist/default/production\C_aquecedor.production.sym \
  --cmf=dist/default/production\C_aquecedor.production.cmf -z -Q16F877 \
  -oC:\Users\mateu\AppData\Local\Temp\xcAs8tk.4 --defsym=__MPLAB_BUILD=1 \
  -Mdist/default/production/C_aquecedor.production.map -E1 \
  -ver=XC8 Compiler --acfsm=1493 -ASTACK=0110h-016Fh -pstack=STACK \
  -ACODE=00h-07FFhx4 -ASTRCODE=00h-01FFFh -ASTRING=00h-0FFhx32 \
  -ACONST=00h-0FFhx32 -AENTRY=00h-0FFhx32 -ACOMMON=070h-07Fh \
  -ABANK0=020h-06Fh -ABANK1=0A0h-0EFh -ABANK2=0110h-016Fh \
  -ABANK3=0190h-01EFh -ARAM=020h-06Fh,0A0h-0EFh,0110h-016Fh,0190h-01EFh \
  -AABS1=020h-07Fh,0A0h-0EFh,0110h-016Fh,0190h-01EFh -ASFR0=00h-01Fh \
  -ASFR1=080h-09Fh -ASFR2=0100h-010Fh -ASFR3=0180h-018Fh \
  -ACONFIG=02007h-02007h -DCONFIG=2 -AIDLOC=02000h-02003h -DIDLOC=2 \
  -AEEDATA=00h-0FFh/02100h -peeprom_data=EEDATA -DEEDATA=2 -DCODE=2 \
  -DSTRCODE=2 -DSTRING=2 -DCONST=2 -DENTRY=2 \
  -preset_vec=00h,intentry=04h,init,end_init -ppowerup=CODE -pcinit=CODE \
  -pfunctab=ENTRY -k C:\Users\mateu\AppData\Local\Temp\xcAs8tk.o \
  dist/default/production\C_aquecedor.production.o 

Object code version is 3.11

Machine type is 16F877



                Name                               Link     Load   Length Selector   Space Scale
C:\Users\mateu\AppData\Local\Temp\xcAs8tk.o
                end_init                             10       10        3        8       0
                reset_vec                             0        0        3        0       0
                config                             2007     2007        1        0       4
dist/default/production\C_aquecedor.production.o
                cinit                                13       13       14        8       0
                intentry                              4        4        C        8       0
                config                             2007     2007        1        0       4
                text28                              899      899       71     1132       0
                text27                             16A1     16A1       54     2D42       0
                text26                              7CF      7CF       31        8       0
                text25                              986      986       A4     130C       0
                text24                              5F2      5F2      1DD        8       0
                text23                             1445     1445       38     288A       0
                text22                             147D     147D       39     28FA       0
                text21                             15BB     15BB       46     2B76       0
                text20                             14B6     14B6       3C     296C       0
                text19                             141A     141A       2B     2834       0
                text18                              887      887       12     110E       0
                text17                              E2C      E2C      1D4     1C58       0
                text16                             13F9     13F9       21     27F2       0
                text15                             14F2     14F2       43     29E4       0
                text14                             1535     1535       43     2A6A       0
                text13                             1578     1578       43     2AF0       0
                text12                               27       27      343        8       0
                text11                             13EA     13EA        F     27D4       0
                text10                              BB1      BB1       F4     1762       0
                text9                              1749     1749       5B     2E92       0
                text8                               36A      36A      288        8       0
                text7                              1601     1601       50     2C02       0
                text6                               90A      90A       7C     1214       0
                text5                               A2A      A2A       BC     1454       0
                text4                              1651     1651       50     2CA2       0
                text3                              16F5     16F5       54     2DEA       0
                text2                              17A4     17A4       5C     2F48       0
                text1                               AE6      AE6       CB     15CC       0
                maintext                            CA5      CA5      187     194A       0
                cstackBANK0                          20       20       4D       20       1
                cstackCOMMON                         70       70        8       70       1
                cstackBANK1                          A0       A0       26       A0       1
                clrtext                            13E2     13E2        8     27C4       0
                bssBANK1                             C6       C6       18       A0       1
                bssBANK0                             6D       6D        2       20       1
                bssCOMMON                            78       78        2       70       1
                bitbssCOMMON                        3D0       7A        1       70       1     8
                strings                             800      800       81     1000       0

TOTAL           Name                               Link     Load   Length     Space
        CLASS   STACK          

        CLASS   CODE           
                end_init                             10       10        3         0
                cinit                                13       13       14         0
                intentry                              4        4        C         0
                reset_vec                             0        0        3         0
                text28                              899      899       71         0
                text27                             16A1     16A1       54         0
                text26                              7CF      7CF       31         0
                text25                              986      986       A4         0
                text24                              5F2      5F2      1DD         0
                text23                             1445     1445       38         0
                text22                             147D     147D       39         0
                text21                             15BB     15BB       46         0
                text20                             14B6     14B6       3C         0
                text19                             141A     141A       2B         0
                text18                              887      887       12         0
                text17                              E2C      E2C      1D4         0
                text16                             13F9     13F9       21         0
                text15                             14F2     14F2       43         0
                text14                             1535     1535       43         0
                text13                             1578     1578       43         0
                text12                               27       27      343         0
                text11                             13EA     13EA        F         0
                text10                              BB1      BB1       F4         0
                text9                              1749     1749       5B         0
                text8                               36A      36A      288         0
                text7                              1601     1601       50         0
                text6                               90A      90A       7C         0
                text5                               A2A      A2A       BC         0
                text4                              1651     1651       50         0
                text3                              16F5     16F5       54         0
                text2                              17A4     17A4       5C         0
                text1                               AE6      AE6       CB         0
                maintext                            CA5      CA5      187         0
                clrtext                            13E2     13E2        8         0

        CLASS   STRCODE        

        CLASS   STRING         
                strings                             800      800       81         0

        CLASS   CONST          

        CLASS   ENTRY          

        CLASS   COMMON         
                cstackCOMMON                         70       70        8         1
                bssCOMMON                            78       78        2         1
                bitbssCOMMON                        3D0       7A        1         1

        CLASS   BANK0          
                cstackBANK0                          20       20       4D         1
                bssBANK0                             6D       6D        2         1

        CLASS   BANK1          
                cstackBANK1                          A0       A0       26         1
                bssBANK1                             C6       C6       18         1

        CLASS   BANK2          

        CLASS   BANK3          

        CLASS   RAM            

        CLASS   ABS1           
                abs_s1                               7E       7E        2         1

        CLASS   SFR0           

        CLASS   SFR1           

        CLASS   SFR2           

        CLASS   SFR3           

        CLASS   CONFIG         
                config                             2007     2007        1         4

        CLASS   IDLOC          

        CLASS   EEDATA         



SEGMENTS        Name                           Load    Length   Top    Selector   Space  Class     Delta

                reset_vec                      000000  000003  000003         0       0  CODE        2
                intentry                       000004  0007FC  000800         8       0  CODE        2
                cstackBANK0                    000020  00004F  00006F        20       1  BANK0       1
                cstackCOMMON                   000070  00000B  00007B        70       1  COMMON      1
                cstackBANK1                    0000A0  00003E  0000DE        A0       1  BANK1       1
                strings                        000800  000081  000881      1000       0  STRING      2
                text18                         000887  000012  000899      110E       0  CODE        2
                text28                         000899  000071  00090A      1132       0  CODE        2
                text6                          00090A  00007C  000986      1214       0  CODE        2
                text25                         000986  0000A4  000A2A      130C       0  CODE        2
                text5                          000A2A  0000BC  000AE6      1454       0  CODE        2
                text1                          000AE6  0000CB  000BB1      15CC       0  CODE        2
                text10                         000BB1  0000F4  000CA5      1762       0  CODE        2
                maintext                       000CA5  000187  000E2C      194A       0  CODE        2
                text17                         000E2C  0001D4  001000      1C58       0  CODE        2
                clrtext                        0013E2  000008  0013EA      27C4       0  CODE        2
                text11                         0013EA  00000F  0013F9      27D4       0  CODE        2
                text16                         0013F9  000021  00141A      27F2       0  CODE        2
                text19                         00141A  00002B  001445      2834       0  CODE        2
                text23                         001445  000038  00147D      288A       0  CODE        2
                text22                         00147D  000039  0014B6      28FA       0  CODE        2
                text20                         0014B6  00003C  0014F2      296C       0  CODE        2
                text15                         0014F2  000043  001535      29E4       0  CODE        2
                text14                         001535  000043  001578      2A6A       0  CODE        2
                text13                         001578  000043  0015BB      2AF0       0  CODE        2
                text21                         0015BB  000046  001601      2B76       0  CODE        2
                text7                          001601  000050  001651      2C02       0  CODE        2
                text4                          001651  000050  0016A1      2CA2       0  CODE        2
                text27                         0016A1  000054  0016F5      2D42       0  CODE        2
                text3                          0016F5  000054  001749      2DEA       0  CODE        2
                text9                          001749  00005B  0017A4      2E92       0  CODE        2
                text2                          0017A4  00005C  001800      2F48       0  CODE        2


UNUSED ADDRESS RANGES

        Name                Unused          Largest block    Delta
        BANK0            006F-006F              1           1
        BANK1            00DE-00EF             12           1
        BANK2            0110-016F             60           1
        BANK3            0190-01EF             60           1
        CODE             0003-0003              1           2
                         0881-0886              6
                         1000-13E1            3E2
                         1800-1FFF            800
        COMMON           007B-007D              3           1
        CONST            0003-0003              1           2
                         0881-0886              6
                         1000-13E1            100
                         1800-1FFF            100
        EEDATA           2100-21FF            100           2
        ENTRY            0003-0003              1           2
                         0881-0886              6
                         1000-13E1            100
                         1800-1FFF            100
        IDLOC            2000-2003              4           2
        RAM              006F-006F              1           1
                         00DE-00EF             12
                         0110-016F             60
                         0190-01EF             60
        SFR0             0000-001F             20           1
        SFR1             0080-009F             20           1
        SFR2             0100-010F             10           1
        SFR3             0180-018F             10           1
        STACK            0110-016F             60           1
        STRCODE          0003-0003              1           2
                         0881-0886              6
                         1000-13E1            3E2
                         1800-1FFF            800
        STRING           0003-0003              1           2
                         0881-0886              6
                         1000-13E1            100
                         1800-1FFF            100

                                  Symbol Table

?___fladd                        cstackBANK0  0044
?___fldiv                        cstackBANK0  002A
?___flsub                        cstackBANK1  00A0
?___fltol                        cstackBANK0  0058
?___lwdiv                        cstackCOMMON 0073
?___lwmod                        cstackBANK0  0023
?___wmul                         cstackCOMMON 0073
?___xxtofl                       cstackCOMMON 0073
?_controle_aquecedor             cstackBANK0  0020
?_round                          cstackBANK1  00A8
?_sprintf                        cstackBANK0  0029
?_trunc                          cstackBANK0  0063
LCD_Cmd@Command                  cstackBANK0  0020
LCD_Goto@col                     cstackBANK0  0024
LCD_Goto@row                     cstackBANK0  0021
LCD_Print@LCD_Str                cstackBANK0  0021
LCD_Print@i                      cstackBANK0  0020
LCD_Write_Nibble@n               cstackCOMMON 0075
_ADCON0                          (abs)        001F
_ADCON0bits                      (abs)        001F
_ADCON1                          (abs)        009F
_ADRESH                          (abs)        001E
_ADRESL                          (abs)        009E
_Horas                           bssBANK0     006D
_INTCON                          (abs)        000B
_INTCONbits                      (abs)        000B
_LCD_Begin                       text25       0986
_LCD_Cmd                         text26       07CF
_LCD_Cstring                     bssBANK1     00CE
_LCD_Goto                        text23       1445
_LCD_Print                       text22       147D
_LCD_Write_Nibble                text27       16A1
_Minutos                         bssCOMMON    0078
_OPTION_REG                      (abs)        0081
_PORTBbits                       (abs)        0006
_PORTCbits                       (abs)        0007
_PORTDbits                       (abs)        0008
_RS                              bitbssCOMMON 03D0
_Segundos                        bssBANK1     00CA
_TMR0                            (abs)        0001
_TMR0_aux                        bssBANK1     00CC
_TRISA                           (abs)        0085
_TRISB                           (abs)        0086
_TRISC                           (abs)        0087
_TRISD                           (abs)        0088
_TRISD0                          (abs)        0440
_TRISD1                          (abs)        0441
_TRISD2                          (abs)        0442
_TRISD3                          (abs)        0443
_TRISD4                          (abs)        0444
_TRISD5                          (abs)        0445
_TRISE                           (abs)        0089
_Temperatura                     bssBANK1     00C8
__Habs1                          abs1         0000
__Hbank0                         bank0        0000
__Hbank1                         bank1        0000
__Hbank2                         bank2        0000
__Hbank3                         bank3        0000
__HbitbssCOMMON                  bitbssCOMMON 0000
__HbssBANK0                      bssBANK0     0000
__HbssBANK1                      bssBANK1     0000
__HbssCOMMON                     bssCOMMON    0000
__Hcinit                         cinit        0027
__Hclrtext                       clrtext      0000
__Hcode                          code         0000
__Hcommon                        common       0000
__Hconfig                        config       2008
__HcstackBANK0                   cstackBANK0  0000
__HcstackBANK1                   cstackBANK1  0000
__HcstackCOMMON                  cstackCOMMON 0000
__Heeprom_data                   eeprom_data  0000
__Hend_init                      end_init     0013
__Hfunctab                       functab      0000
__Hinit                          init         0010
__Hintentry                      intentry     0010
__Hmaintext                      maintext     0000
__Hpowerup                       powerup      0000
__Hram                           ram          0000
__Hreset_vec                     reset_vec    0003
__Hsfr0                          sfr0         0000
__Hsfr1                          sfr1         0000
__Hsfr2                          sfr2         0000
__Hsfr3                          sfr3         0000
__Hspace_0                       (abs)        1800
__Hspace_1                       (abs)        03D1
__Hspace_2                       (abs)        0000
__Hspace_3                       (abs)        0000
__Hspace_4                       (abs)        400F
__Hstack                         stack        0000
__Hstrings                       strings      0000
__Htext                          text         0000
__Labs1                          abs1         0000
__Lbank0                         bank0        0000
__Lbank1                         bank1        0000
__Lbank2                         bank2        0000
__Lbank3                         bank3        0000
__LbitbssCOMMON                  bitbssCOMMON 0000
__LbssBANK0                      bssBANK0     0000
__LbssBANK1                      bssBANK1     0000
__LbssCOMMON                     bssCOMMON    0000
__Lcinit                         cinit        0013
__Lclrtext                       clrtext      0000
__Lcode                          code         0000
__Lcommon                        common       0000
__Lconfig                        config       0000
__LcstackBANK0                   cstackBANK0  0000
__LcstackBANK1                   cstackBANK1  0000
__LcstackCOMMON                  cstackCOMMON 0000
__Leeprom_data                   eeprom_data  0000
__Lend_init                      end_init     0010
__Lfunctab                       functab      0000
__Linit                          init         0010
__Lintentry                      intentry     0004
__Lmaintext                      maintext     0000
__Lpowerup                       powerup      0000
__Lram                           ram          0000
__Lreset_vec                     reset_vec    0000
__Lsfr0                          sfr0         0000
__Lsfr1                          sfr1         0000
__Lsfr2                          sfr2         0000
__Lsfr3                          sfr3         0000
__Lspace_0                       (abs)        0000
__Lspace_1                       (abs)        0000
__Lspace_2                       (abs)        0000
__Lspace_3                       (abs)        0000
__Lspace_4                       (abs)        0000
__Lstack                         stack        0000
__Lstrings                       strings      0000
__Ltext                          text         0000
__S0                             (abs)        1800
__S1                             (abs)        00DE
__S2                             (abs)        0000
__S3                             (abs)        0000
___fladd                         text8        036A
___fladd@a                       cstackBANK0  0048
___fladd@aexp                    cstackBANK0  0055
___fladd@b                       cstackBANK0  0044
___fladd@bexp                    cstackBANK0  0056
___fladd@grs                     cstackBANK0  0057
___fladd@signs                   cstackBANK0  0054
___fldiv                         text24       05F2
___fldiv@a                       cstackBANK0  002A
___fldiv@aexp                    cstackBANK0  0043
___fldiv@b                       cstackBANK0  002E
___fldiv@bexp                    cstackBANK0  0042
___fldiv@grs                     cstackBANK0  003E
___fldiv@new_exp                 cstackBANK0  003C
___fldiv@rem                     cstackBANK0  0037
___fldiv@sign                    cstackBANK0  003B
___fleq                          text4        1651
___fleq@ff1                      cstackBANK0  0020
___fleq@ff2                      cstackBANK0  0024
___flsub                         text7        1601
___flsub@a                       cstackBANK1  00A0
___flsub@b                       cstackBANK1  00A4
___fltol                         text6        090A
___fltol@exp1                    cstackBANK0  0062
___fltol@f1                      cstackBANK0  0058
___fltol@sign1                   cstackBANK0  0061
___int_sp                        stack        0000
___latbits                       (abs)        0002
___lwdiv                         text21       15BB
___lwdiv@counter                 cstackBANK0  0020
___lwdiv@dividend                cstackCOMMON 0075
___lwdiv@divisor                 cstackCOMMON 0073
___lwdiv@quotient                cstackBANK0  0021
___lwmod                         text20       14B6
___lwmod@counter                 cstackBANK0  0028
___lwmod@dividend                cstackBANK0  0025
___lwmod@divisor                 cstackBANK0  0023
___sp                            stack        0000
___stackhi                       (abs)        0000
___stacklo                       (abs)        0000
___wmul                          text19       141A
___wmul@multiplicand             cstackCOMMON 0075
___wmul@multiplier               cstackCOMMON 0073
___wmul@product                  cstackBANK0  0020
___xxtofl                        text5        0A2A
___xxtofl@arg                    cstackBANK0  0026
___xxtofl@exp                    cstackBANK0  0025
___xxtofl@sign                   cstackBANK0  0024
___xxtofl@val                    cstackCOMMON 0073
__end_of_LCD_Begin               text25       0A2A
__end_of_LCD_Cmd                 text26       0800
__end_of_LCD_Goto                text23       147D
__end_of_LCD_Print               text22       14B6
__end_of_LCD_Write_Nibble        text27       16F5
__end_of___fladd                 text8        05F2
__end_of___fldiv                 text24       07CF
__end_of___fleq                  text4        16A1
__end_of___flsub                 text7        1651
__end_of___fltol                 text6        0986
__end_of___lwdiv                 text21       1601
__end_of___lwmod                 text20       14F2
__end_of___wmul                  text19       1445
__end_of___xxtofl                text5        0AE6
__end_of__initialization         cinit        0023
__end_of__stringtab              strings      0806
__end_of_ajustes                 text12       036A
__end_of_atualiza_ADC            text11       13F9
__end_of_controle_aquecedor      text10       0CA5
__end_of_dpowers                 strings      0810
__end_of_frexp                   text3        1749
__end_of_imprime_tela_ajuste1    text16       141A
__end_of_imprime_tela_ajuste2    text15       1535
__end_of_imprime_tela_ajuste3    text14       1578
__end_of_imprime_tela_ajuste4    text13       15BB
__end_of_imprime_tela_main       text9        17A4
__end_of_isdigit                 text18       0899
__end_of_main                    maintext     0E2C
__end_of_my_isr_routine          text28       090A
__end_of_round                   text1        0BB1
__end_of_sprintf                 text17       1000
__end_of_trunc                   text2        1800
__initialization                 cinit        0013
__pbitbssCOMMON                  bitbssCOMMON 03D0
__pbssBANK0                      bssBANK0     006D
__pbssBANK1                      bssBANK1     00C6
__pbssCOMMON                     bssCOMMON    0078
__pcstackBANK0                   cstackBANK0  0020
__pcstackBANK1                   cstackBANK1  00A0
__pcstackCOMMON                  cstackCOMMON 0070
__pintentry                      intentry     0004
__pmaintext                      maintext     0CA5
__pstrings                       strings      0800
__ptext1                         text1        0AE6
__ptext10                        text10       0BB1
__ptext11                        text11       13EA
__ptext12                        text12       0027
__ptext13                        text13       1578
__ptext14                        text14       1535
__ptext15                        text15       14F2
__ptext16                        text16       13F9
__ptext17                        text17       0E2C
__ptext18                        text18       0887
__ptext19                        text19       141A
__ptext2                         text2        17A4
__ptext20                        text20       14B6
__ptext21                        text21       15BB
__ptext22                        text22       147D
__ptext23                        text23       1445
__ptext24                        text24       05F2
__ptext25                        text25       0986
__ptext26                        text26       07CF
__ptext27                        text27       16A1
__ptext28                        text28       0899
__ptext3                         text3        16F5
__ptext4                         text4        1651
__ptext5                         text5        0A2A
__ptext6                         text6        090A
__ptext7                         text7        1601
__ptext8                         text8        036A
__ptext9                         text9        1749
__size_of_LCD_Begin              (abs)        0000
__size_of_LCD_Cmd                (abs)        0000
__size_of_LCD_Goto               (abs)        0000
__size_of_LCD_Print              (abs)        0000
__size_of_LCD_Write_Nibble       (abs)        0000
__size_of___fladd                (abs)        0000
__size_of___fldiv                (abs)        0000
__size_of___fleq                 (abs)        0000
__size_of___flsub                (abs)        0000
__size_of___fltol                (abs)        0000
__size_of___lwdiv                (abs)        0000
__size_of___lwmod                (abs)        0000
__size_of___wmul                 (abs)        0000
__size_of___xxtofl               (abs)        0000
__size_of_ajustes                (abs)        0000
__size_of_atualiza_ADC           (abs)        0000
__size_of_controle_aquecedor     (abs)        0000
__size_of_frexp                  (abs)        0000
__size_of_imprime_tela_ajuste1   (abs)        0000
__size_of_imprime_tela_ajuste2   (abs)        0000
__size_of_imprime_tela_ajuste3   (abs)        0000
__size_of_imprime_tela_ajuste4   (abs)        0000
__size_of_imprime_tela_main      (abs)        0000
__size_of_isdigit                (abs)        0000
__size_of_main                   (abs)        0000
__size_of_my_isr_routine         (abs)        0000
__size_of_round                  (abs)        0000
__size_of_sprintf                (abs)        0000
__size_of_trunc                  (abs)        0000
__stringbase                     strings      0805
__stringtab                      strings      0800
_ajustes                         text12       0027
_atualiza_ADC                    text11       13EA
_controle_aquecedor              text10       0BB1
_dpowers                         strings      0806
_frexp                           text3        16F5
_imprime_tela_ajuste1            text16       13F9
_imprime_tela_ajuste2            text15       14F2
_imprime_tela_ajuste3            text14       1535
_imprime_tela_ajuste4            text13       1578
_imprime_tela_main               text9        1749
_isdigit                         text18       0887
_isdigit$768                     cstackCOMMON 0073
_main                            maintext     0CA5
_main$1008                       cstackBANK1  00B4
_main$1009                       cstackBANK1  00B8
_my_isr_routine                  text28       0899
_round                           text1        0AE6
_sprintf                         text17       0E2C
_trunc                           text2        17A4
ajustes@hora_max                 cstackBANK0  0043
ajustes@hora_min                 cstackBANK0  0041
ajustes@min_max                  cstackBANK0  0044
ajustes@min_min                  cstackBANK0  0042
ajustes@temp                     cstackBANK0  0049
btemp                            (abs)        007E
clear_ram0                       clrtext      13E2
controle_aquecedor@hora_max      cstackBANK0  0026
controle_aquecedor@hora_min      cstackBANK0  0022
controle_aquecedor@min_max       cstackBANK0  0028
controle_aquecedor@min_min       cstackBANK0  0024
controle_aquecedor@temp          cstackBANK0  0020
end_of_initialization            cinit        0023
frexp@eptr                       cstackBANK0  002C
frexp@value                      cstackBANK0  0028
imprime_tela_ajuste1@temp        cstackBANK0  003C
imprime_tela_ajuste3@horas_min   cstackBANK0  003C
imprime_tela_ajuste3@minutos_min cstackBANK0  003E
imprime_tela_ajuste4@horas_max   cstackBANK0  003C
imprime_tela_ajuste4@minutos_max cstackBANK0  003E
interrupt_function               intentry     0004
intlevel0                        functab      0000
intlevel1                        functab      0000
intlevel2                        functab      0000
intlevel3                        functab      0000
intlevel4                        functab      0000
intlevel5                        functab      0000
isdigit@c                        cstackCOMMON 0074
main@hora_max                    cstackBANK1  00C0
main@hora_min                    cstackBANK1  00BC
main@min_max                     cstackBANK1  00C2
main@min_min                     cstackBANK1  00BE
main@temp                        cstackBANK1  00C4
reset_vec                        reset_vec    0000
round@f                          cstackBANK1  00AC
round@x                          cstackBANK1  00A8
saved_w                          (abs)        007E
sprintf@ap                       cstackBANK0  0033
sprintf@c                        cstackBANK0  003A
sprintf@f                        cstackBANK0  0029
sprintf@flag                     cstackBANK0  0037
sprintf@prec                     cstackBANK0  0034
sprintf@sp                       cstackBANK0  003B
sprintf@val                      cstackBANK0  0035
sprintf@width                    cstackBANK0  0038
start                            init         0010
start_initialization             cinit        0013
trunc@expon                      cstackBANK0  006B
trunc@i                          cstackBANK0  0067
trunc@x                          cstackBANK0  0063
wtemp0                           (abs)        007E


MODULE INFORMATION

Module		Function		Class		Link	Load	Size
./LCD_Lib.c
		_LCD_Cmd       		CODE           	07CF	0000	49
		_LCD_Begin     		CODE           	0986	0000	164
		_LCD_Goto      		CODE           	1445	0000	56
		_LCD_Print     		CODE           	147D	0000	57
		_LCD_Write_Nibble		CODE           	16A1	0000	84

./LCD_Lib.c estimated size: 410

D:\Programas\XC8 compiler\pic\sources\c90\common\doprnt.c
		_sprintf       		CODE           	0E2C	0000	468

D:\Programas\XC8 compiler\pic\sources\c90\common\doprnt.c estimated size: 468

D:\Programas\XC8 compiler\pic\sources\c90\common\lwmod.c
		___lwmod       		CODE           	14B6	0000	60

D:\Programas\XC8 compiler\pic\sources\c90\common\lwmod.c estimated size: 60

D:\Programas\XC8 compiler\pic\sources\c90\common\Umul16.c
		___wmul        		CODE           	141A	0000	43

D:\Programas\XC8 compiler\pic\sources\c90\common\Umul16.c estimated size: 43

D:\Programas\XC8 compiler\pic\sources\c90\common\frexp.c
		_frexp         		CODE           	16F5	0000	84

D:\Programas\XC8 compiler\pic\sources\c90\common\frexp.c estimated size: 84

D:\Programas\XC8 compiler\pic\sources\c90\common\sprcdiv.c
		___fldiv       		CODE           	05F2	0000	477

D:\Programas\XC8 compiler\pic\sources\c90\common\sprcdiv.c estimated size: 477

D:\Programas\XC8 compiler\pic\sources\c90\common\lwdiv.c
		___lwdiv       		CODE           	15BB	0000	70

D:\Programas\XC8 compiler\pic\sources\c90\common\lwdiv.c estimated size: 70

D:\Programas\XC8 compiler\pic\sources\c90\common\fltol.c
		___fltol       		CODE           	090A	0000	124

D:\Programas\XC8 compiler\pic\sources\c90\common\fltol.c estimated size: 124

shared
		__stringtab    		STRING         	0800	0000	6
		_dpowers       		STRING         	0806	0000	10
		__initialization		CODE           	0013	0000	16

shared estimated size: 32

D:\Programas\XC8 compiler\pic\sources\c90\common\isdigit.c
		_isdigit       		CODE           	0887	0000	18

D:\Programas\XC8 compiler\pic\sources\c90\common\isdigit.c estimated size: 18

D:\Programas\XC8 compiler\pic\sources\c90\common\sprcadd.c
		___flsub       		CODE           	1601	0000	80
		___fladd       		CODE           	036A	0000	648

D:\Programas\XC8 compiler\pic\sources\c90\common\sprcadd.c estimated size: 728

D:\Programas\XC8 compiler\pic\sources\c90\common\xxtofl.c
		___xxtofl      		CODE           	0A2A	0000	188

D:\Programas\XC8 compiler\pic\sources\c90\common\xxtofl.c estimated size: 188

D:\Programas\XC8 compiler\pic\sources\c90\common\trunc.c
		_trunc         		CODE           	17A4	0000	92

D:\Programas\XC8 compiler\pic\sources\c90\common\trunc.c estimated size: 92

main.c
		_controle_aquecedor		CODE           	0BB1	0000	244
		_ajustes       		CODE           	0027	0000	835
		_main          		CODE           	0CA5	0000	391
		_imprime_tela_main		CODE           	1749	0000	91
		_my_isr_routine		CODE           	0899	0000	113
		_atualiza_ADC  		CODE           	13EA	0000	15
		_imprime_tela_ajuste1		CODE           	13F9	0000	33
		_imprime_tela_ajuste2		CODE           	14F2	0000	67
		_imprime_tela_ajuste3		CODE           	1535	0000	67
		_imprime_tela_ajuste4		CODE           	1578	0000	67

main.c estimated size: 1923

D:\Programas\XC8 compiler\pic\sources\c90\common\fleq.c
		___fleq        		CODE           	1651	0000	80

D:\Programas\XC8 compiler\pic\sources\c90\common\fleq.c estimated size: 80

D:\Programas\XC8 compiler\pic\sources\c90\common\round.c
		_round         		CODE           	0AE6	0000	203

D:\Programas\XC8 compiler\pic\sources\c90\common\round.c estimated size: 203

