Microchip MPLAB XC8 Compiler V2.30

Linker command line:

-W-3 --edf=C:\Program Files\Microchip\xc8\v2.30\pic\dat\en_msgs.txt -cn \
  -h+dist/default/production\C_aquecedor.production.sym \
  --cmf=dist/default/production\C_aquecedor.production.cmf -z -Q16F877 \
  -oC:\Users\mateu\AppData\Local\Temp\sdrsx2 --defsym=__MPLAB_BUILD=1 \
  -Mdist/default/production/C_aquecedor.production.map -E1 \
  -ver=XC8 Compiler --acfsm=1493 -ASTACK=0110h-016Fh -pstack=STACK \
  -ACODE=00h-07FFhx4 -ASTRCODE=00h-01FFFh -ASTRING=00h-0FFhx32 \
  -ACONST=00h-0FFhx32 -AENTRY=00h-0FFhx32 -ACOMMON=070h-07Fh \
  -ABANK0=020h-06Fh -ABANK1=0A0h-0EFh -ABANK2=0110h-016Fh \
  -ABANK3=0190h-01EFh -ARAM=020h-06Fh,0A0h-0EFh,0110h-016Fh,0190h-01EFh \
  -AABS1=020h-07Fh,0A0h-0EFh,0110h-016Fh,0190h-01EFh -ASFR0=00h-01Fh \
  -ASFR1=080h-09Fh -ASFR2=0100h-010Fh -ASFR3=0180h-018Fh \
  -ACONFIG=02007h-02007h -DCONFIG=2 -AIDLOC=02000h-02003h -DIDLOC=2 \
  -AEEDATA=00h-0FFh/02100h -peeprom_data=EEDATA -DEEDATA=2 -DCODE=2 \
  -DSTRCODE=2 -DSTRING=2 -DCONST=2 -DENTRY=2 \
  -preset_vec=00h,intentry=04h,init,end_init -ppowerup=CODE -pcinit=CODE \
  -pfunctab=ENTRY -k C:\Users\mateu\AppData\Local\Temp\sdrsxg.o \
  dist/default/production\C_aquecedor.production.o 

Object code version is 3.11

Machine type is 16F877



                Name                               Link     Load   Length Selector   Space Scale
C:\Users\mateu\AppData\Local\Temp\sdrsxg.o
                end_init                             10       10        3        8       0
                reset_vec                             0        0        3        0       0
                config                             2007     2007        1        0       4
dist/default/production\C_aquecedor.production.o
                cinit                                13       13       18        8       0
                intentry                              4        4        C        8       0
                config                             2007     2007        1        0       4
                text22                              C8D      C8D       6F     191A       0
                text21                              C39      C39       54     1872       0
                text20                              A01      A01       31     1402       0
                text19                              D78      D78       A4     1AF0       0
                text18                              370      370      1DD        8       0
                text17                              CFC      CFC       7C     19F8       0
                text16                              721      721       BC        8       0
                text15                              A32      A32       38     1464       0
                text14                              A6A      A6A       39     14D4       0
                text13                              BA8      BA8       46     1750       0
                text12                              AA3      AA3       3C     1546       0
                text11                              9D6      9D6       2B     13AC       0
                text10                              9C4      9C4       12     1388       0
                text9                               54D      54D      1D4        8       0
                text8                               7DD      7DD       21        8       0
                text7                               ADF      ADF       43     15BE       0
                text6                               B22      B22       43     1644       0
                text5                               B65      B65       43     16CA       0
                text4                                2B       2B      345        8       0
                text3                               9B5      9B5        F     136A       0
                text2                               F0C      F0C       F4     1E18       0
                text1                               BEE      BEE       4B     17DC       0
                maintext                            E1C      E1C       F0     1C38       0
                cstackBANK0                          20       20       3D       20       1
                cstackCOMMON                         70       70        8       70       1
                clrtext                             9AD      9AD        8     135A       0
                bssBANK1                             A0       A0       10       A0       1
                bssBANK0                             5D       5D        8       20       1
                bssCOMMON                            78       78        2       70       1
                bitbssCOMMON                        3D0       7A        1       70       1     8
                strings                             800      800       81     1000       0

TOTAL           Name                               Link     Load   Length     Space
        CLASS   STACK          

        CLASS   CODE           
                end_init                             10       10        3         0
                cinit                                13       13       18         0
                intentry                              4        4        C         0
                reset_vec                             0        0        3         0
                text22                              C8D      C8D       6F         0
                text21                              C39      C39       54         0
                text20                              A01      A01       31         0
                text19                              D78      D78       A4         0
                text18                              370      370      1DD         0
                text17                              CFC      CFC       7C         0
                text16                              721      721       BC         0
                text15                              A32      A32       38         0
                text14                              A6A      A6A       39         0
                text13                              BA8      BA8       46         0
                text12                              AA3      AA3       3C         0
                text11                              9D6      9D6       2B         0
                text10                              9C4      9C4       12         0
                text9                               54D      54D      1D4         0
                text8                               7DD      7DD       21         0
                text7                               ADF      ADF       43         0
                text6                               B22      B22       43         0
                text5                               B65      B65       43         0
                text4                                2B       2B      345         0
                text3                               9B5      9B5        F         0
                text2                               F0C      F0C       F4         0
                text1                               BEE      BEE       4B         0
                maintext                            E1C      E1C       F0         0
                clrtext                             9AD      9AD        8         0

        CLASS   STRCODE        

        CLASS   STRING         
                strings                             800      800       81         0

        CLASS   CONST          

        CLASS   ENTRY          

        CLASS   COMMON         
                cstackCOMMON                         70       70        8         1
                bssCOMMON                            78       78        2         1
                bitbssCOMMON                        3D0       7A        1         1

        CLASS   BANK0          
                cstackBANK0                          20       20       3D         1
                bssBANK0                             5D       5D        8         1

        CLASS   BANK1          
                bssBANK1                             A0       A0       10         1

        CLASS   BANK2          

        CLASS   BANK3          

        CLASS   RAM            

        CLASS   ABS1           
                abs_s1                               7E       7E        2         1

        CLASS   SFR0           

        CLASS   SFR1           

        CLASS   SFR2           

        CLASS   SFR3           

        CLASS   CONFIG         
                config                             2007     2007        1         4

        CLASS   IDLOC          

        CLASS   EEDATA         



SEGMENTS        Name                           Load    Length   Top    Selector   Space  Class     Delta

                reset_vec                      000000  000003  000003         0       0  CODE        2
                intentry                       000004  0007FA  0007FE         8       0  CODE        2
                cstackBANK0                    000020  000045  000065        20       1  BANK0       1
                cstackCOMMON                   000070  00000B  00007B        70       1  COMMON      1
                bssBANK1                       0000A0  000010  0000B0        A0       1  BANK1       1
                strings                        000800  000081  000881      1000       0  STRING      2
                clrtext                        0009AD  000008  0009B5      135A       0  CODE        2
                text3                          0009B5  00000F  0009C4      136A       0  CODE        2
                text10                         0009C4  000012  0009D6      1388       0  CODE        2
                text11                         0009D6  00002B  000A01      13AC       0  CODE        2
                text20                         000A01  000031  000A32      1402       0  CODE        2
                text15                         000A32  000038  000A6A      1464       0  CODE        2
                text14                         000A6A  000039  000AA3      14D4       0  CODE        2
                text12                         000AA3  00003C  000ADF      1546       0  CODE        2
                text7                          000ADF  000043  000B22      15BE       0  CODE        2
                text6                          000B22  000043  000B65      1644       0  CODE        2
                text5                          000B65  000043  000BA8      16CA       0  CODE        2
                text13                         000BA8  000046  000BEE      1750       0  CODE        2
                text1                          000BEE  00004B  000C39      17DC       0  CODE        2
                text21                         000C39  000054  000C8D      1872       0  CODE        2
                text22                         000C8D  00006F  000CFC      191A       0  CODE        2
                text17                         000CFC  00007C  000D78      19F8       0  CODE        2
                text19                         000D78  0000A4  000E1C      1AF0       0  CODE        2
                maintext                       000E1C  0000F0  000F0C      1C38       0  CODE        2
                text2                          000F0C  0000F4  001000      1E18       0  CODE        2


UNUSED ADDRESS RANGES

        Name                Unused          Largest block    Delta
        BANK0            0065-006F              B           1
        BANK1            00B0-00EF             40           1
        BANK2            0110-016F             60           1
        BANK3            0190-01EF             60           1
        CODE             0003-0003              1           2
                         07FE-07FF              2
                         0881-09AC            12C
                         1000-1FFF            800
        COMMON           007B-007D              3           1
        CONST            0003-0003              1           2
                         07FE-07FF              2
                         0881-09AC             7F
                         1000-1FFF            100
        EEDATA           2100-21FF            100           2
        ENTRY            0003-0003              1           2
                         07FE-07FF              2
                         0881-09AC             7F
                         1000-1FFF            100
        IDLOC            2000-2003              4           2
        RAM              0065-006F              B           1
                         00B0-00EF             40
                         0110-016F             60
                         0190-01EF             60
        SFR0             0000-001F             20           1
        SFR1             0080-009F             20           1
        SFR2             0100-010F             10           1
        SFR3             0180-018F             10           1
        STACK            0110-016F             60           1
        STRCODE          0003-0003              1           2
                         07FE-07FF              2
                         0881-09AC            12C
                         1000-1FFF           1000
        STRING           0003-0003              1           2
                         07FE-07FF              2
                         0881-09AC             7F
                         1000-1FFF            100

                                  Symbol Table

?___fldiv                        cstackBANK0  002A
?___fltol                        cstackBANK0  0044
?___lwdiv                        cstackCOMMON 0073
?___lwmod                        cstackBANK0  0023
?___wmul                         cstackCOMMON 0073
?___xxtofl                       cstackCOMMON 0073
?_controle_aquecedor             cstackBANK0  0020
?_sprintf                        cstackBANK0  0029
LCD_Cmd@Command                  cstackBANK0  0020
LCD_Goto@col                     cstackBANK0  0024
LCD_Goto@row                     cstackBANK0  0021
LCD_Print@LCD_Str                cstackBANK0  0021
LCD_Print@i                      cstackBANK0  0020
LCD_Write_Nibble@n               cstackCOMMON 0075
_ADCON0                          (abs)        001F
_ADCON0bits                      (abs)        001F
_ADCON1                          (abs)        009F
_ADRESH                          (abs)        001E
_Horas                           bssBANK0     005F
_INTCON                          (abs)        000B
_INTCONbits                      (abs)        000B
_LCD_Begin                       text19       0D78
_LCD_Cmd                         text20       0A01
_LCD_Cstring                     bssBANK1     00A0
_LCD_Goto                        text15       0A32
_LCD_Print                       text14       0A6A
_LCD_Write_Nibble                text21       0C39
_Minutos                         bssBANK0     0061
_OPTION_REG                      (abs)        0081
_PORTBbits                       (abs)        0006
_PORTCbits                       (abs)        0007
_PORTDbits                       (abs)        0008
_RS                              bitbssCOMMON 03D0
_Segundos                        bssBANK0     0063
_TMR0                            (abs)        0001
_TMR0_aux                        bssCOMMON    0078
_TRISA                           (abs)        0085
_TRISB                           (abs)        0086
_TRISC                           (abs)        0087
_TRISD                           (abs)        0088
_TRISD0                          (abs)        0440
_TRISD1                          (abs)        0441
_TRISD2                          (abs)        0442
_TRISD3                          (abs)        0443
_TRISD4                          (abs)        0444
_TRISD5                          (abs)        0445
_TRISE                           (abs)        0089
_Temperatura                     bssBANK0     005D
__Habs1                          abs1         0000
__Hbank0                         bank0        0000
__Hbank1                         bank1        0000
__Hbank2                         bank2        0000
__Hbank3                         bank3        0000
__HbitbssCOMMON                  bitbssCOMMON 0000
__HbssBANK0                      bssBANK0     0000
__HbssBANK1                      bssBANK1     0000
__HbssCOMMON                     bssCOMMON    0000
__Hcinit                         cinit        002B
__Hclrtext                       clrtext      0000
__Hcode                          code         0000
__Hcommon                        common       0000
__Hconfig                        config       2008
__HcstackBANK0                   cstackBANK0  0000
__HcstackCOMMON                  cstackCOMMON 0000
__Heeprom_data                   eeprom_data  0000
__Hend_init                      end_init     0013
__Hfunctab                       functab      0000
__Hinit                          init         0010
__Hintentry                      intentry     0010
__Hmaintext                      maintext     0000
__Hpowerup                       powerup      0000
__Hram                           ram          0000
__Hreset_vec                     reset_vec    0003
__Hsfr0                          sfr0         0000
__Hsfr1                          sfr1         0000
__Hsfr2                          sfr2         0000
__Hsfr3                          sfr3         0000
__Hspace_0                       (abs)        1000
__Hspace_1                       (abs)        03D1
__Hspace_2                       (abs)        0000
__Hspace_3                       (abs)        0000
__Hspace_4                       (abs)        400F
__Hstack                         stack        0000
__Hstrings                       strings      0000
__Htext                          text         0000
__Labs1                          abs1         0000
__Lbank0                         bank0        0000
__Lbank1                         bank1        0000
__Lbank2                         bank2        0000
__Lbank3                         bank3        0000
__LbitbssCOMMON                  bitbssCOMMON 0000
__LbssBANK0                      bssBANK0     0000
__LbssBANK1                      bssBANK1     0000
__LbssCOMMON                     bssCOMMON    0000
__Lcinit                         cinit        0013
__Lclrtext                       clrtext      0000
__Lcode                          code         0000
__Lcommon                        common       0000
__Lconfig                        config       0000
__LcstackBANK0                   cstackBANK0  0000
__LcstackCOMMON                  cstackCOMMON 0000
__Leeprom_data                   eeprom_data  0000
__Lend_init                      end_init     0010
__Lfunctab                       functab      0000
__Linit                          init         0010
__Lintentry                      intentry     0004
__Lmaintext                      maintext     0000
__Lpowerup                       powerup      0000
__Lram                           ram          0000
__Lreset_vec                     reset_vec    0000
__Lsfr0                          sfr0         0000
__Lsfr1                          sfr1         0000
__Lsfr2                          sfr2         0000
__Lsfr3                          sfr3         0000
__Lspace_0                       (abs)        0000
__Lspace_1                       (abs)        0000
__Lspace_2                       (abs)        0000
__Lspace_3                       (abs)        0000
__Lspace_4                       (abs)        0000
__Lstack                         stack        0000
__Lstrings                       strings      0000
__Ltext                          text         0000
__S0                             (abs)        1000
__S1                             (abs)        00B0
__S2                             (abs)        0000
__S3                             (abs)        0000
___fldiv                         text18       0370
___fldiv@a                       cstackBANK0  002A
___fldiv@aexp                    cstackBANK0  0043
___fldiv@b                       cstackBANK0  002E
___fldiv@bexp                    cstackBANK0  0042
___fldiv@grs                     cstackBANK0  003E
___fldiv@new_exp                 cstackBANK0  003C
___fldiv@rem                     cstackBANK0  0037
___fldiv@sign                    cstackBANK0  003B
___fltol                         text17       0CFC
___fltol@exp1                    cstackBANK0  004E
___fltol@f1                      cstackBANK0  0044
___fltol@sign1                   cstackBANK0  004D
___int_sp                        stack        0000
___latbits                       (abs)        0002
___lwdiv                         text13       0BA8
___lwdiv@counter                 cstackBANK0  0020
___lwdiv@dividend                cstackCOMMON 0075
___lwdiv@divisor                 cstackCOMMON 0073
___lwdiv@quotient                cstackBANK0  0021
___lwmod                         text12       0AA3
___lwmod@counter                 cstackBANK0  0028
___lwmod@dividend                cstackBANK0  0025
___lwmod@divisor                 cstackBANK0  0023
___sp                            stack        0000
___stackhi                       (abs)        0000
___stacklo                       (abs)        0000
___wmul                          text11       09D6
___wmul@multiplicand             cstackCOMMON 0075
___wmul@multiplier               cstackCOMMON 0073
___wmul@product                  cstackBANK0  0020
___xxtofl                        text16       0721
___xxtofl@arg                    cstackBANK0  0026
___xxtofl@exp                    cstackBANK0  0025
___xxtofl@sign                   cstackBANK0  0024
___xxtofl@val                    cstackCOMMON 0073
__end_of_LCD_Begin               text19       0E1C
__end_of_LCD_Cmd                 text20       0A32
__end_of_LCD_Goto                text15       0A6A
__end_of_LCD_Print               text14       0AA3
__end_of_LCD_Write_Nibble        text21       0C8D
__end_of___fldiv                 text18       054D
__end_of___fltol                 text17       0D78
__end_of___lwdiv                 text13       0BEE
__end_of___lwmod                 text12       0ADF
__end_of___wmul                  text11       0A01
__end_of___xxtofl                text16       07DD
__end_of__initialization         cinit        0027
__end_of__stringtab              strings      0806
__end_of_ajustes                 text4        0370
__end_of_atualiza_ADC            text3        09C4
__end_of_controle_aquecedor      text2        1000
__end_of_dpowers                 strings      0810
__end_of_imprime_tela_ajuste1    text8        07FE
__end_of_imprime_tela_ajuste2    text7        0B22
__end_of_imprime_tela_ajuste3    text6        0B65
__end_of_imprime_tela_ajuste4    text5        0BA8
__end_of_imprime_tela_main       text1        0C39
__end_of_isdigit                 text10       09D6
__end_of_main                    maintext     0F0C
__end_of_my_isr_routine          text22       0CFC
__end_of_sprintf                 text9        0721
__initialization                 cinit        0013
__pbitbssCOMMON                  bitbssCOMMON 03D0
__pbssBANK0                      bssBANK0     005D
__pbssBANK1                      bssBANK1     00A0
__pbssCOMMON                     bssCOMMON    0078
__pcstackBANK0                   cstackBANK0  0020
__pcstackCOMMON                  cstackCOMMON 0070
__pintentry                      intentry     0004
__pmaintext                      maintext     0E1C
__pstrings                       strings      0800
__ptext1                         text1        0BEE
__ptext10                        text10       09C4
__ptext11                        text11       09D6
__ptext12                        text12       0AA3
__ptext13                        text13       0BA8
__ptext14                        text14       0A6A
__ptext15                        text15       0A32
__ptext16                        text16       0721
__ptext17                        text17       0CFC
__ptext18                        text18       0370
__ptext19                        text19       0D78
__ptext2                         text2        0F0C
__ptext20                        text20       0A01
__ptext21                        text21       0C39
__ptext22                        text22       0C8D
__ptext3                         text3        09B5
__ptext4                         text4        002B
__ptext5                         text5        0B65
__ptext6                         text6        0B22
__ptext7                         text7        0ADF
__ptext8                         text8        07DD
__ptext9                         text9        054D
__size_of_LCD_Begin              (abs)        0000
__size_of_LCD_Cmd                (abs)        0000
__size_of_LCD_Goto               (abs)        0000
__size_of_LCD_Print              (abs)        0000
__size_of_LCD_Write_Nibble       (abs)        0000
__size_of___fldiv                (abs)        0000
__size_of___fltol                (abs)        0000
__size_of___lwdiv                (abs)        0000
__size_of___lwmod                (abs)        0000
__size_of___wmul                 (abs)        0000
__size_of___xxtofl               (abs)        0000
__size_of_ajustes                (abs)        0000
__size_of_atualiza_ADC           (abs)        0000
__size_of_controle_aquecedor     (abs)        0000
__size_of_imprime_tela_ajuste1   (abs)        0000
__size_of_imprime_tela_ajuste2   (abs)        0000
__size_of_imprime_tela_ajuste3   (abs)        0000
__size_of_imprime_tela_ajuste4   (abs)        0000
__size_of_imprime_tela_main      (abs)        0000
__size_of_isdigit                (abs)        0000
__size_of_main                   (abs)        0000
__size_of_my_isr_routine         (abs)        0000
__size_of_sprintf                (abs)        0000
__stringbase                     strings      0805
__stringtab                      strings      0800
_ajustes                         text4        002B
_atualiza_ADC                    text3        09B5
_controle_aquecedor              text2        0F0C
_dpowers                         strings      0806
_imprime_tela_ajuste1            text8        07DD
_imprime_tela_ajuste2            text7        0ADF
_imprime_tela_ajuste3            text6        0B22
_imprime_tela_ajuste4            text5        0B65
_imprime_tela_main               text1        0BEE
_isdigit                         text10       09C4
_isdigit$762                     cstackCOMMON 0073
_main                            maintext     0E1C
_my_isr_routine                  text22       0C8D
_sprintf                         text9        054D
ajustes@hora_max                 cstackBANK0  0043
ajustes@hora_min                 cstackBANK0  0041
ajustes@min_max                  cstackBANK0  0044
ajustes@min_min                  cstackBANK0  0042
ajustes@temp                     cstackBANK0  0049
btemp                            (abs)        007E
clear_ram0                       clrtext      09AD
controle_aquecedor@hora_max      cstackBANK0  0026
controle_aquecedor@hora_min      cstackBANK0  0022
controle_aquecedor@min_max       cstackBANK0  0028
controle_aquecedor@min_min       cstackBANK0  0024
controle_aquecedor@temp          cstackBANK0  0020
end_of_initialization            cinit        0027
imprime_tela_ajuste1@temp        cstackBANK0  003C
imprime_tela_ajuste3@horas_min   cstackBANK0  003C
imprime_tela_ajuste3@minutos_min cstackBANK0  003E
imprime_tela_ajuste4@horas_max   cstackBANK0  003C
imprime_tela_ajuste4@minutos_max cstackBANK0  003E
interrupt_function               intentry     0004
intlevel0                        functab      0000
intlevel1                        functab      0000
intlevel2                        functab      0000
intlevel3                        functab      0000
intlevel4                        functab      0000
intlevel5                        functab      0000
isdigit@c                        cstackCOMMON 0074
main@hora_max                    cstackBANK0  0057
main@hora_min                    cstackBANK0  0053
main@min_max                     cstackBANK0  0059
main@min_min                     cstackBANK0  0055
main@temp                        cstackBANK0  005B
reset_vec                        reset_vec    0000
saved_w                          (abs)        007E
sprintf@ap                       cstackBANK0  0033
sprintf@c                        cstackBANK0  003A
sprintf@f                        cstackBANK0  0029
sprintf@flag                     cstackBANK0  0037
sprintf@prec                     cstackBANK0  0034
sprintf@sp                       cstackBANK0  003B
sprintf@val                      cstackBANK0  0035
sprintf@width                    cstackBANK0  0038
start                            init         0010
start_initialization             cinit        0013
wtemp0                           (abs)        007E


FUNCTION INFORMATION:

 *************** function _main *****************
 Defined at:
		line 338 in file "main.c"
 Parameters:    Size  Location     Type
		None
 Auto vars:     Size  Location     Type
  temp            2   59[BANK0 ] int 
  min_max         2   57[BANK0 ] int 
  hora_max        2   55[BANK0 ] int 
  min_min         2   53[BANK0 ] int 
  hora_min        2   51[BANK0 ] int 
 Return value:  Size  Location     Type
                  1    wreg      void 
 Registers used:
		wreg, fsr0l, fsr0h, status,2, status,0, btemp+1, pclath, cstack
 Tracked objects:
		On entry : 
		On exit  : 
		Unchanged: 
 Data sizes:     COMMON   BANK0   BANK1   BANK3   BANK2
      Params:         0       0       0       0       0
      Locals:         0      10       0       0       0
      Temps:          0       4       0       0       0
      Totals:         0      14       0       0       0
Total ram usage:       14 bytes
 Hardware stack levels required when called:    6
 This function calls:
		_LCD_Begin
		___fldiv
		___fltol
		___xxtofl
		_ajustes
		_atualiza_ADC
		_controle_aquecedor
		_imprime_tela_main
 This function is called by:
		Startup code after reset
 This function uses a non-reentrant model


 *************** function _imprime_tela_main *****************
 Defined at:
		line 74 in file "main.c"
 Parameters:    Size  Location     Type
		None
 Auto vars:     Size  Location     Type
		None
 Return value:  Size  Location     Type
                  1    wreg      void 
 Registers used:
		wreg, fsr0l, fsr0h, status,2, status,0, btemp+1, pclath, cstack
 Tracked objects:
		On entry : 
		On exit  : 
		Unchanged: 
 Data sizes:     COMMON   BANK0   BANK1   BANK3   BANK2
      Params:         0       0       0       0       0
      Locals:         0       0       0       0       0
      Temps:          0       1       0       0       0
      Totals:         0       1       0       0       0
Total ram usage:        1 bytes
 Hardware stack levels used:    1
 Hardware stack levels required when called:    4
 This function calls:
		_LCD_Goto
		_LCD_Print
		_sprintf
 This function is called by:
		_main
 This function uses a non-reentrant model


 *************** function _controle_aquecedor *****************
 Defined at:
		line 235 in file "main.c"
 Parameters:    Size  Location     Type
  temp            2    0[BANK0 ] int 
  hora_min        2    2[BANK0 ] int 
  min_min         2    4[BANK0 ] int 
  hora_max        2    6[BANK0 ] int 
  min_max         2    8[BANK0 ] int 
 Auto vars:     Size  Location     Type
		None
 Return value:  Size  Location     Type
                  2    0[BANK0 ] int 
 Registers used:
		wreg, status,2
 Tracked objects:
		On entry : 
		On exit  : 
		Unchanged: 
 Data sizes:     COMMON   BANK0   BANK1   BANK3   BANK2
      Params:         0      10       0       0       0
      Locals:         0       0       0       0       0
      Temps:          1       0       0       0       0
      Totals:         1      10       0       0       0
Total ram usage:       11 bytes
 Hardware stack levels used:    1
 Hardware stack levels required when called:    1
 This function calls:
		Nothing
 This function is called by:
		_main
 This function uses a non-reentrant model


 *************** function _atualiza_ADC *****************
 Defined at:
		line 66 in file "main.c"
 Parameters:    Size  Location     Type
		None
 Auto vars:     Size  Location     Type
		None
 Return value:  Size  Location     Type
                  1    wreg      void 
 Registers used:
		wreg
 Tracked objects:
		On entry : 
		On exit  : 
		Unchanged: 
 Data sizes:     COMMON   BANK0   BANK1   BANK3   BANK2
      Params:         0       0       0       0       0
      Locals:         0       0       0       0       0
      Temps:          1       0       0       0       0
      Totals:         1       0       0       0       0
Total ram usage:        1 bytes
 Hardware stack levels used:    1
 Hardware stack levels required when called:    1
 This function calls:
		Nothing
 This function is called by:
		_main
 This function uses a non-reentrant model


 *************** function _ajustes *****************
 Defined at:
		line 131 in file "main.c"
 Parameters:    Size  Location     Type
  temp            1    wreg     PTR int 
		 -> main@temp(2), 
  hora_min        1   33[BANK0 ] PTR int 
		 -> main@hora_min(2), 
  min_min         1   34[BANK0 ] PTR int 
		 -> main@min_min(2), 
  hora_max        1   35[BANK0 ] PTR int 
		 -> main@hora_max(2), 
  min_max         1   36[BANK0 ] PTR int 
		 -> main@min_max(2), 
 Auto vars:     Size  Location     Type
  temp            1   41[BANK0 ] PTR int 
		 -> main@temp(2), 
 Return value:  Size  Location     Type
                  1    wreg      void 
 Registers used:
		wreg, fsr0l, fsr0h, status,2, status,0, btemp+1, pclath, cstack
 Tracked objects:
		On entry : 
		On exit  : 
		Unchanged: 
 Data sizes:     COMMON   BANK0   BANK1   BANK3   BANK2
      Params:         0       4       0       0       0
      Locals:         0       1       0       0       0
      Temps:          0       4       0       0       0
      Totals:         0       9       0       0       0
Total ram usage:        9 bytes
 Hardware stack levels used:    1
 Hardware stack levels required when called:    5
 This function calls:
		_LCD_Cmd
		_imprime_tela_ajuste1
		_imprime_tela_ajuste2
		_imprime_tela_ajuste3
		_imprime_tela_ajuste4
 This function is called by:
		_main
 This function uses a non-reentrant model


 *************** function _imprime_tela_ajuste4 *****************
 Defined at:
		line 119 in file "main.c"
 Parameters:    Size  Location     Type
  horas_max       2   28[BANK0 ] int 
  minutos_max     2   30[BANK0 ] int 
 Auto vars:     Size  Location     Type
		None
 Return value:  Size  Location     Type
                  1    wreg      void 
 Registers used:
		wreg, fsr0l, fsr0h, status,2, status,0, btemp+1, pclath, cstack
 Tracked objects:
		On entry : 
		On exit  : 
		Unchanged: 
 Data sizes:     COMMON   BANK0   BANK1   BANK3   BANK2
      Params:         0       4       0       0       0
      Locals:         0       0       0       0       0
      Temps:          0       1       0       0       0
      Totals:         0       5       0       0       0
Total ram usage:        5 bytes
 Hardware stack levels used:    1
 Hardware stack levels required when called:    4
 This function calls:
		_LCD_Goto
		_LCD_Print
		_sprintf
 This function is called by:
		_ajustes
 This function uses a non-reentrant model


 *************** function _imprime_tela_ajuste3 *****************
 Defined at:
		line 108 in file "main.c"
 Parameters:    Size  Location     Type
  horas_min       2   28[BANK0 ] int 
  minutos_min     2   30[BANK0 ] int 
 Auto vars:     Size  Location     Type
		None
 Return value:  Size  Location     Type
                  1    wreg      void 
 Registers used:
		wreg, fsr0l, fsr0h, status,2, status,0, btemp+1, pclath, cstack
 Tracked objects:
		On entry : 
		On exit  : 
		Unchanged: 
 Data sizes:     COMMON   BANK0   BANK1   BANK3   BANK2
      Params:         0       4       0       0       0
      Locals:         0       0       0       0       0
      Temps:          0       1       0       0       0
      Totals:         0       5       0       0       0
Total ram usage:        5 bytes
 Hardware stack levels used:    1
 Hardware stack levels required when called:    4
 This function calls:
		_LCD_Goto
		_LCD_Print
		_sprintf
 This function is called by:
		_ajustes
 This function uses a non-reentrant model


 *************** function _imprime_tela_ajuste2 *****************
 Defined at:
		line 94 in file "main.c"
 Parameters:    Size  Location     Type
		None
 Auto vars:     Size  Location     Type
		None
 Return value:  Size  Location     Type
                  1    wreg      void 
 Registers used:
		wreg, fsr0l, fsr0h, status,2, status,0, btemp+1, pclath, cstack
 Tracked objects:
		On entry : 
		On exit  : 
		Unchanged: 
 Data sizes:     COMMON   BANK0   BANK1   BANK3   BANK2
      Params:         0       0       0       0       0
      Locals:         0       0       0       0       0
      Temps:          0       1       0       0       0
      Totals:         0       1       0       0       0
Total ram usage:        1 bytes
 Hardware stack levels used:    1
 Hardware stack levels required when called:    4
 This function calls:
		_LCD_Goto
		_LCD_Print
		_sprintf
 This function is called by:
		_ajustes
 This function uses a non-reentrant model


 *************** function _imprime_tela_ajuste1 *****************
 Defined at:
		line 86 in file "main.c"
 Parameters:    Size  Location     Type
  temp            2   28[BANK0 ] int 
 Auto vars:     Size  Location     Type
		None
 Return value:  Size  Location     Type
                  1    wreg      void 
 Registers used:
		wreg, fsr0l, fsr0h, status,2, status,0, btemp+1, pclath, cstack
 Tracked objects:
		On entry : 
		On exit  : 
		Unchanged: 
 Data sizes:     COMMON   BANK0   BANK1   BANK3   BANK2
      Params:         0       2       0       0       0
      Locals:         0       0       0       0       0
      Temps:          0       1       0       0       0
      Totals:         0       3       0       0       0
Total ram usage:        3 bytes
 Hardware stack levels used:    1
 Hardware stack levels required when called:    4
 This function calls:
		_LCD_Goto
		_LCD_Print
		_sprintf
 This function is called by:
		_ajustes
 This function uses a non-reentrant model


 *************** function _sprintf *****************
 Defined at:
		line 505 in file "C:\Program Files\Microchip\xc8\v2.30\pic\sources\c90\common\doprnt.c"
 Parameters:    Size  Location     Type
  sp              1    wreg     PTR unsigned char 
		 -> LCD_Cstring(16), 
  f               1    9[BANK0 ] PTR const unsigned char 
		 -> STR_9(20), STR_8(11), STR_7(20), STR_6(12), 
		 -> STR_5(20), STR_4(15), STR_3(20), STR_2(12), 
		 -> STR_1(23), 
 Auto vars:     Size  Location     Type
  sp              1   27[BANK0 ] PTR unsigned char 
		 -> LCD_Cstring(16), 
  tmpval          4    0        struct .
  width           2   24[BANK0 ] int 
  val             2   21[BANK0 ] unsigned int 
  cp              2    0        PTR const unsigned char 
  len             2    0        unsigned int 
  c               1   26[BANK0 ] unsigned char 
  flag            1   23[BANK0 ] unsigned char 
  prec            1   20[BANK0 ] char 
  ap              1   19[BANK0 ] PTR void [1]
		 -> ?_sprintf(2), 
 Return value:  Size  Location     Type
                  2    9[BANK0 ] int 
 Registers used:
		wreg, fsr0l, fsr0h, status,2, status,0, btemp+1, pclath, cstack
 Tracked objects:
		On entry : 
		On exit  : 
		Unchanged: 
 Data sizes:     COMMON   BANK0   BANK1   BANK3   BANK2
      Params:         0       7       0       0       0
      Locals:         0       9       0       0       0
      Temps:          0       3       0       0       0
      Totals:         0      19       0       0       0
Total ram usage:       19 bytes
 Hardware stack levels used:    1
 Hardware stack levels required when called:    2
 This function calls:
		___lwdiv
		___lwmod
		___wmul
		_isdigit
 This function is called by:
		_imprime_tela_main
		_imprime_tela_ajuste1
		_imprime_tela_ajuste2
		_imprime_tela_ajuste3
		_imprime_tela_ajuste4
 This function uses a non-reentrant model


 *************** function _isdigit *****************
 Defined at:
		line 8 in file "C:\Program Files\Microchip\xc8\v2.30\pic\sources\c90\common\isdigit.c"
 Parameters:    Size  Location     Type
  c               1    wreg     unsigned char 
 Auto vars:     Size  Location     Type
  c               1    4[COMMON] unsigned char 
 Return value:  Size  Location     Type
		None               void
 Registers used:
		wreg, status,2, status,0
 Tracked objects:
		On entry : 
		On exit  : 
		Unchanged: 
 Data sizes:     COMMON   BANK0   BANK1   BANK3   BANK2
      Params:         0       0       0       0       0
      Locals:         2       0       0       0       0
      Temps:          0       0       0       0       0
      Totals:         2       0       0       0       0
Total ram usage:        2 bytes
 Hardware stack levels used:    1
 Hardware stack levels required when called:    1
 This function calls:
		Nothing
 This function is called by:
		_sprintf
 This function uses a non-reentrant model


 *************** function ___wmul *****************
 Defined at:
		line 15 in file "C:\Program Files\Microchip\xc8\v2.30\pic\sources\c90\common\Umul16.c"
 Parameters:    Size  Location     Type
  multiplier      2    3[COMMON] unsigned int 
  multiplicand    2    5[COMMON] unsigned int 
 Auto vars:     Size  Location     Type
  product         2    0[BANK0 ] unsigned int 
 Return value:  Size  Location     Type
                  2    3[COMMON] unsigned int 
 Registers used:
		wreg, status,2, status,0
 Tracked objects:
		On entry : 
		On exit  : 
		Unchanged: 
 Data sizes:     COMMON   BANK0   BANK1   BANK3   BANK2
      Params:         4       0       0       0       0
      Locals:         0       2       0       0       0
      Temps:          0       0       0       0       0
      Totals:         4       2       0       0       0
Total ram usage:        6 bytes
 Hardware stack levels used:    1
 Hardware stack levels required when called:    1
 This function calls:
		Nothing
 This function is called by:
		_sprintf
 This function uses a non-reentrant model


 *************** function ___lwmod *****************
 Defined at:
		line 5 in file "C:\Program Files\Microchip\xc8\v2.30\pic\sources\c90\common\lwmod.c"
 Parameters:    Size  Location     Type
  divisor         2    3[BANK0 ] unsigned int 
  dividend        2    5[BANK0 ] unsigned int 
 Auto vars:     Size  Location     Type
  counter         1    8[BANK0 ] unsigned char 
 Return value:  Size  Location     Type
                  2    3[BANK0 ] unsigned int 
 Registers used:
		wreg, status,2, status,0
 Tracked objects:
		On entry : 
		On exit  : 
		Unchanged: 
 Data sizes:     COMMON   BANK0   BANK1   BANK3   BANK2
      Params:         0       4       0       0       0
      Locals:         0       1       0       0       0
      Temps:          0       1       0       0       0
      Totals:         0       6       0       0       0
Total ram usage:        6 bytes
 Hardware stack levels used:    1
 Hardware stack levels required when called:    1
 This function calls:
		Nothing
 This function is called by:
		_sprintf
 This function uses a non-reentrant model


 *************** function ___lwdiv *****************
 Defined at:
		line 5 in file "C:\Program Files\Microchip\xc8\v2.30\pic\sources\c90\common\lwdiv.c"
 Parameters:    Size  Location     Type
  divisor         2    3[COMMON] unsigned int 
  dividend        2    5[COMMON] unsigned int 
 Auto vars:     Size  Location     Type
  quotient        2    1[BANK0 ] unsigned int 
  counter         1    0[BANK0 ] unsigned char 
 Return value:  Size  Location     Type
                  2    3[COMMON] unsigned int 
 Registers used:
		wreg, status,2, status,0
 Tracked objects:
		On entry : 
		On exit  : 
		Unchanged: 
 Data sizes:     COMMON   BANK0   BANK1   BANK3   BANK2
      Params:         4       0       0       0       0
      Locals:         0       3       0       0       0
      Temps:          1       0       0       0       0
      Totals:         5       3       0       0       0
Total ram usage:        8 bytes
 Hardware stack levels used:    1
 Hardware stack levels required when called:    1
 This function calls:
		Nothing
 This function is called by:
		_sprintf
 This function uses a non-reentrant model


 *************** function _LCD_Print *****************
 Defined at:
		line 95 in file "./LCD_Lib.c"
 Parameters:    Size  Location     Type
  LCD_Str         1    wreg     PTR unsigned char 
		 -> LCD_Cstring(16), 
 Auto vars:     Size  Location     Type
  LCD_Str         1    1[BANK0 ] PTR unsigned char 
		 -> LCD_Cstring(16), 
  i               1    0[BANK0 ] unsigned char 
 Return value:  Size  Location     Type
                  1    wreg      void 
 Registers used:
		wreg, fsr0l, fsr0h, status,2, status,0, pclath, cstack
 Tracked objects:
		On entry : 
		On exit  : 
		Unchanged: 
 Data sizes:     COMMON   BANK0   BANK1   BANK3   BANK2
      Params:         0       0       0       0       0
      Locals:         0       2       0       0       0
      Temps:          2       0       0       0       0
      Totals:         2       2       0       0       0
Total ram usage:        4 bytes
 Hardware stack levels used:    1
 Hardware stack levels required when called:    2
 This function calls:
		_LCD_Write_Nibble
 This function is called by:
		_imprime_tela_main
		_imprime_tela_ajuste1
		_imprime_tela_ajuste2
		_imprime_tela_ajuste3
		_imprime_tela_ajuste4
 This function uses a non-reentrant model


 *************** function _LCD_Goto *****************
 Defined at:
		line 69 in file "./LCD_Lib.c"
 Parameters:    Size  Location     Type
  col             1    wreg     unsigned char 
  row             1    1[BANK0 ] unsigned char 
 Auto vars:     Size  Location     Type
  col             1    4[BANK0 ] unsigned char 
 Return value:  Size  Location     Type
                  1    wreg      void 
 Registers used:
		wreg, fsr0l, fsr0h, status,2, status,0, pclath, cstack
 Tracked objects:
		On entry : 
		On exit  : 
		Unchanged: 
 Data sizes:     COMMON   BANK0   BANK1   BANK3   BANK2
      Params:         0       1       0       0       0
      Locals:         0       1       0       0       0
      Temps:          0       2       0       0       0
      Totals:         0       4       0       0       0
Total ram usage:        4 bytes
 Hardware stack levels used:    1
 Hardware stack levels required when called:    3
 This function calls:
		_LCD_Cmd
 This function is called by:
		_imprime_tela_main
		_imprime_tela_ajuste1
		_imprime_tela_ajuste2
		_imprime_tela_ajuste3
		_imprime_tela_ajuste4
 This function uses a non-reentrant model


 *************** function ___xxtofl *****************
 Defined at:
		line 10 in file "C:\Program Files\Microchip\xc8\v2.30\pic\sources\c90\common\xxtofl.c"
 Parameters:    Size  Location     Type
  sign            1    wreg     unsigned char 
  val             4    3[COMMON] long 
 Auto vars:     Size  Location     Type
  sign            1    4[BANK0 ] unsigned char 
  arg             4    6[BANK0 ] unsigned long 
  exp             1    5[BANK0 ] unsigned char 
 Return value:  Size  Location     Type
                  4    3[COMMON] unsigned char 
 Registers used:
		wreg, status,2, status,0
 Tracked objects:
		On entry : 
		On exit  : 
		Unchanged: 
 Data sizes:     COMMON   BANK0   BANK1   BANK3   BANK2
      Params:         4       0       0       0       0
      Locals:         0       6       0       0       0
      Temps:          0       4       0       0       0
      Totals:         4      10       0       0       0
Total ram usage:       14 bytes
 Hardware stack levels used:    1
 Hardware stack levels required when called:    1
 This function calls:
		Nothing
 This function is called by:
		_main
 This function uses a non-reentrant model


 *************** function ___fltol *****************
 Defined at:
		line 43 in file "C:\Program Files\Microchip\xc8\v2.30\pic\sources\c90\common\fltol.c"
 Parameters:    Size  Location     Type
  f1              4   36[BANK0 ] unsigned char 
 Auto vars:     Size  Location     Type
  exp1            1   46[BANK0 ] unsigned char 
  sign1           1   45[BANK0 ] unsigned char 
 Return value:  Size  Location     Type
                  4   36[BANK0 ] long 
 Registers used:
		wreg, status,2, status,0
 Tracked objects:
		On entry : 
		On exit  : 
		Unchanged: 
 Data sizes:     COMMON   BANK0   BANK1   BANK3   BANK2
      Params:         0       4       0       0       0
      Locals:         0       2       0       0       0
      Temps:          0       5       0       0       0
      Totals:         0      11       0       0       0
Total ram usage:       11 bytes
 Hardware stack levels used:    1
 Hardware stack levels required when called:    1
 This function calls:
		Nothing
 This function is called by:
		_main
 This function uses a non-reentrant model


 *************** function ___fldiv *****************
 Defined at:
		line 8 in file "C:\Program Files\Microchip\xc8\v2.30\pic\sources\c90\common\sprcdiv.c"
 Parameters:    Size  Location     Type
  a               4   10[BANK0 ] long 
  b               4   14[BANK0 ] long 
 Auto vars:     Size  Location     Type
  grs             4   30[BANK0 ] unsigned long 
  rem             4   23[BANK0 ] unsigned long 
  new_exp         2   28[BANK0 ] int 
  aexp            1   35[BANK0 ] unsigned char 
  bexp            1   34[BANK0 ] unsigned char 
  sign            1   27[BANK0 ] unsigned char 
 Return value:  Size  Location     Type
                  4   10[BANK0 ] unsigned char 
 Registers used:
		wreg, status,2, status,0, btemp+1
 Tracked objects:
		On entry : 
		On exit  : 
		Unchanged: 
 Data sizes:     COMMON   BANK0   BANK1   BANK3   BANK2
      Params:         0       8       0       0       0
      Locals:         0      13       0       0       0
      Temps:          0       5       0       0       0
      Totals:         0      26       0       0       0
Total ram usage:       26 bytes
 Hardware stack levels used:    1
 Hardware stack levels required when called:    1
 This function calls:
		Nothing
 This function is called by:
		_main
 This function uses a non-reentrant model


 *************** function _LCD_Begin *****************
 Defined at:
		line 106 in file "./LCD_Lib.c"
 Parameters:    Size  Location     Type
		None
 Auto vars:     Size  Location     Type
		None
 Return value:  Size  Location     Type
                  1    wreg      void 
 Registers used:
		wreg, status,2, status,0, pclath, cstack
 Tracked objects:
		On entry : 
		On exit  : 
		Unchanged: 
 Data sizes:     COMMON   BANK0   BANK1   BANK3   BANK2
      Params:         0       0       0       0       0
      Locals:         0       0       0       0       0
      Temps:          0       2       0       0       0
      Totals:         0       2       0       0       0
Total ram usage:        2 bytes
 Hardware stack levels used:    1
 Hardware stack levels required when called:    3
 This function calls:
		_LCD_Cmd
 This function is called by:
		_main
 This function uses a non-reentrant model


 *************** function _LCD_Cmd *****************
 Defined at:
		line 60 in file "./LCD_Lib.c"
 Parameters:    Size  Location     Type
  Command         1    wreg     unsigned char 
 Auto vars:     Size  Location     Type
  Command         1    0[BANK0 ] unsigned char 
 Return value:  Size  Location     Type
                  1    wreg      void 
 Registers used:
		wreg, status,2, status,0, pclath, cstack
 Tracked objects:
		On entry : 
		On exit  : 
		Unchanged: 
 Data sizes:     COMMON   BANK0   BANK1   BANK3   BANK2
      Params:         0       0       0       0       0
      Locals:         0       1       0       0       0
      Temps:          2       0       0       0       0
      Totals:         2       1       0       0       0
Total ram usage:        3 bytes
 Hardware stack levels used:    1
 Hardware stack levels required when called:    2
 This function calls:
		_LCD_Write_Nibble
 This function is called by:
		_LCD_Goto
		_LCD_Begin
		_ajustes
 This function uses a non-reentrant model


 *************** function _LCD_Write_Nibble *****************
 Defined at:
		line 43 in file "./LCD_Lib.c"
 Parameters:    Size  Location     Type
  n               1    wreg     unsigned char 
 Auto vars:     Size  Location     Type
  n               1    5[COMMON] unsigned char 
 Return value:  Size  Location     Type
                  1    wreg      void 
 Registers used:
		wreg, status,2, status,0
 Tracked objects:
		On entry : 
		On exit  : 
		Unchanged: 
 Data sizes:     COMMON   BANK0   BANK1   BANK3   BANK2
      Params:         0       0       0       0       0
      Locals:         1       0       0       0       0
      Temps:          2       0       0       0       0
      Totals:         3       0       0       0       0
Total ram usage:        3 bytes
 Hardware stack levels used:    1
 Hardware stack levels required when called:    1
 This function calls:
		Nothing
 This function is called by:
		_LCD_Cmd
		_LCD_Print
		_LCD_PutC
 This function uses a non-reentrant model


 *************** function _my_isr_routine *****************
 Defined at:
		line 300 in file "main.c"
 Parameters:    Size  Location     Type
		None
 Auto vars:     Size  Location     Type
		None
 Return value:  Size  Location     Type
                  1    wreg      void 
 Registers used:
		wreg, status,2, btemp+1
 Tracked objects:
		On entry : 
		On exit  : 
		Unchanged: 
 Data sizes:     COMMON   BANK0   BANK1   BANK3   BANK2
      Params:         0       0       0       0       0
      Locals:         0       0       0       0       0
      Temps:          3       0       0       0       0
      Totals:         3       0       0       0       0
Total ram usage:        3 bytes
 Hardware stack levels used:    1
 This function calls:
		Nothing
 This function is called by:
		Interrupt level 1
 This function uses a non-reentrant model



MODULE INFORMATION

Module		Function		Class		Link	Load	Size
C:\Program Files\Microchip\xc8\v2.30\pic\sources\c90\common\lwmod.c
		___lwmod       		CODE           	0AA3	0000	60

C:\Program Files\Microchip\xc8\v2.30\pic\sources\c90\common\lwmod.c estimated size: 60

./LCD_Lib.c
		_LCD_Cmd       		CODE           	0A01	0000	49
		_LCD_Begin     		CODE           	0D78	0000	164
		_LCD_Goto      		CODE           	0A32	0000	56
		_LCD_Print     		CODE           	0A6A	0000	57
		_LCD_Write_Nibble		CODE           	0C39	0000	84

./LCD_Lib.c estimated size: 410

C:\Program Files\Microchip\xc8\v2.30\pic\sources\c90\common\sprcdiv.c
		___fldiv       		CODE           	0370	0000	477

C:\Program Files\Microchip\xc8\v2.30\pic\sources\c90\common\sprcdiv.c estimated size: 477

C:\Program Files\Microchip\xc8\v2.30\pic\sources\c90\common\xxtofl.c
		___xxtofl      		CODE           	0721	0000	188

C:\Program Files\Microchip\xc8\v2.30\pic\sources\c90\common\xxtofl.c estimated size: 188

C:\Program Files\Microchip\xc8\v2.30\pic\sources\c90\common\lwdiv.c
		___lwdiv       		CODE           	0BA8	0000	70

C:\Program Files\Microchip\xc8\v2.30\pic\sources\c90\common\lwdiv.c estimated size: 70

C:\Program Files\Microchip\xc8\v2.30\pic\sources\c90\common\fltol.c
		___fltol       		CODE           	0CFC	0000	124

C:\Program Files\Microchip\xc8\v2.30\pic\sources\c90\common\fltol.c estimated size: 124

C:\Program Files\Microchip\xc8\v2.30\pic\sources\c90\common\isdigit.c
		_isdigit       		CODE           	09C4	0000	18

C:\Program Files\Microchip\xc8\v2.30\pic\sources\c90\common\isdigit.c estimated size: 18

C:\Program Files\Microchip\xc8\v2.30\pic\sources\c90\common\doprnt.c
		_sprintf       		CODE           	054D	0000	468

C:\Program Files\Microchip\xc8\v2.30\pic\sources\c90\common\doprnt.c estimated size: 468

shared
		__stringtab    		STRING         	0800	0000	6
		_dpowers       		STRING         	0806	0000	10
		__initialization		CODE           	0013	0000	20

shared estimated size: 36

C:\Program Files\Microchip\xc8\v2.30\pic\sources\c90\common\Umul16.c
		___wmul        		CODE           	09D6	0000	43

C:\Program Files\Microchip\xc8\v2.30\pic\sources\c90\common\Umul16.c estimated size: 43

main.c
		_controle_aquecedor		CODE           	0F0C	0000	244
		_ajustes       		CODE           	002B	0000	837
		_main          		CODE           	0E1C	0000	240
		_imprime_tela_main		CODE           	0BEE	0000	75
		_my_isr_routine		CODE           	0C8D	0000	111
		_atualiza_ADC  		CODE           	09B5	0000	15
		_imprime_tela_ajuste1		CODE           	07DD	0000	33
		_imprime_tela_ajuste2		CODE           	0ADF	0000	67
		_imprime_tela_ajuste3		CODE           	0B22	0000	67
		_imprime_tela_ajuste4		CODE           	0B65	0000	67

main.c estimated size: 1756

